Archive member included to satisfy reference by file (symbol)

c:/program files/st/stm32cubeide/stm32cubeide/plugins/com.st.stm32cube.ide.mcu.externaltools.gnu-tools-for-stm32.9-2020-q2-update.win32_2.0.0.202105311346/tools/bin/../lib/gcc/arm-none-eabi/9.3.1/../../../../arm-none-eabi/lib/thumb/v7e-m+fp/hard\libc_nano.a(lib_a-errno.o)
                              ./Core/Src/syscalls.o (__errno)
c:/program files/st/stm32cubeide/stm32cubeide/plugins/com.st.stm32cube.ide.mcu.externaltools.gnu-tools-for-stm32.9-2020-q2-update.win32_2.0.0.202105311346/tools/bin/../lib/gcc/arm-none-eabi/9.3.1/../../../../arm-none-eabi/lib/thumb/v7e-m+fp/hard\libc_nano.a(lib_a-exit.o)
                              c:/program files/st/stm32cubeide/stm32cubeide/plugins/com.st.stm32cube.ide.mcu.externaltools.gnu-tools-for-stm32.9-2020-q2-update.win32_2.0.0.202105311346/tools/bin/../lib/gcc/arm-none-eabi/9.3.1/../../../../arm-none-eabi/lib/thumb/v7e-m+fp/hard/crt0.o (exit)
c:/program files/st/stm32cubeide/stm32cubeide/plugins/com.st.stm32cube.ide.mcu.externaltools.gnu-tools-for-stm32.9-2020-q2-update.win32_2.0.0.202105311346/tools/bin/../lib/gcc/arm-none-eabi/9.3.1/../../../../arm-none-eabi/lib/thumb/v7e-m+fp/hard\libc_nano.a(lib_a-impure.o)
                              c:/program files/st/stm32cubeide/stm32cubeide/plugins/com.st.stm32cube.ide.mcu.externaltools.gnu-tools-for-stm32.9-2020-q2-update.win32_2.0.0.202105311346/tools/bin/../lib/gcc/arm-none-eabi/9.3.1/../../../../arm-none-eabi/lib/thumb/v7e-m+fp/hard\libc_nano.a(lib_a-exit.o) (_global_impure_ptr)
c:/program files/st/stm32cubeide/stm32cubeide/plugins/com.st.stm32cube.ide.mcu.externaltools.gnu-tools-for-stm32.9-2020-q2-update.win32_2.0.0.202105311346/tools/bin/../lib/gcc/arm-none-eabi/9.3.1/../../../../arm-none-eabi/lib/thumb/v7e-m+fp/hard\libc_nano.a(lib_a-init.o)
                              c:/program files/st/stm32cubeide/stm32cubeide/plugins/com.st.stm32cube.ide.mcu.externaltools.gnu-tools-for-stm32.9-2020-q2-update.win32_2.0.0.202105311346/tools/bin/../lib/gcc/arm-none-eabi/9.3.1/../../../../arm-none-eabi/lib/thumb/v7e-m+fp/hard/crt0.o (__libc_init_array)
c:/program files/st/stm32cubeide/stm32cubeide/plugins/com.st.stm32cube.ide.mcu.externaltools.gnu-tools-for-stm32.9-2020-q2-update.win32_2.0.0.202105311346/tools/bin/../lib/gcc/arm-none-eabi/9.3.1/../../../../arm-none-eabi/lib/thumb/v7e-m+fp/hard\libc_nano.a(lib_a-memset.o)
                              c:/program files/st/stm32cubeide/stm32cubeide/plugins/com.st.stm32cube.ide.mcu.externaltools.gnu-tools-for-stm32.9-2020-q2-update.win32_2.0.0.202105311346/tools/bin/../lib/gcc/arm-none-eabi/9.3.1/../../../../arm-none-eabi/lib/thumb/v7e-m+fp/hard/crt0.o (memset)
c:/program files/st/stm32cubeide/stm32cubeide/plugins/com.st.stm32cube.ide.mcu.externaltools.gnu-tools-for-stm32.9-2020-q2-update.win32_2.0.0.202105311346/tools/bin/../lib/gcc/arm-none-eabi/9.3.1/thumb/v7e-m+fp/hard\libgcc.a(_aeabi_uldivmod.o)
                              ./Drivers/STM32F4xx_HAL_Driver/Src/stm32f4xx_hal_rcc.o (__aeabi_uldivmod)
c:/program files/st/stm32cubeide/stm32cubeide/plugins/com.st.stm32cube.ide.mcu.externaltools.gnu-tools-for-stm32.9-2020-q2-update.win32_2.0.0.202105311346/tools/bin/../lib/gcc/arm-none-eabi/9.3.1/thumb/v7e-m+fp/hard\libgcc.a(_udivmoddi4.o)
                              c:/program files/st/stm32cubeide/stm32cubeide/plugins/com.st.stm32cube.ide.mcu.externaltools.gnu-tools-for-stm32.9-2020-q2-update.win32_2.0.0.202105311346/tools/bin/../lib/gcc/arm-none-eabi/9.3.1/thumb/v7e-m+fp/hard\libgcc.a(_aeabi_uldivmod.o) (__udivmoddi4)
c:/program files/st/stm32cubeide/stm32cubeide/plugins/com.st.stm32cube.ide.mcu.externaltools.gnu-tools-for-stm32.9-2020-q2-update.win32_2.0.0.202105311346/tools/bin/../lib/gcc/arm-none-eabi/9.3.1/thumb/v7e-m+fp/hard\libgcc.a(_dvmd_tls.o)
                              c:/program files/st/stm32cubeide/stm32cubeide/plugins/com.st.stm32cube.ide.mcu.externaltools.gnu-tools-for-stm32.9-2020-q2-update.win32_2.0.0.202105311346/tools/bin/../lib/gcc/arm-none-eabi/9.3.1/thumb/v7e-m+fp/hard\libgcc.a(_aeabi_uldivmod.o) (__aeabi_ldiv0)

Allocating common symbols
Common symbol       size              file

hdma_sdio_rx        0x60              ./Core/Src/main.o
retSD               0x1               ./FATFS/App/fatfs.o
hUsbDeviceFS        0x2d0             ./USB_DEVICE/App/usb_device.o
Per_CAN             0x8               ./Core/Src/main.o
pTxMailbox          0x4               ./Core/Src/main.o
CAN_Rx_Header       0x1c              ./Core/Src/main.o
ADC_Buffer          0x18              ./Core/Src/main.o
hadc2               0x48              ./Core/Src/main.o
hi2c1               0x54              ./Core/Src/main.o
hpcd_USB_OTG_FS     0x408             ./USB_DEVICE/Target/usbd_conf.o
hiwdg               0xc               ./Core/Src/main.o
Datalogger_Buffer   0x1000            ./Core/Src/main.o
uwTick              0x4               ./Drivers/STM32F4xx_HAL_Driver/Src/stm32f4xx_hal.o
[...]
Memory Configuration

Name             Origin             Length             Attributes
RAM              0x0000000020000000 0x0000000000020000 xrw
FLASH            0x0000000008000000 0x0000000000080000 xr
*default*        0x0000000000000000 0xffffffffffffffff

Linker script and memory map

LOAD c:/program files/st/stm32cubeide/stm32cubeide/plugins/com.st.stm32cube.ide.mcu.externaltools.gnu-tools-for-stm32.9-2020-q2-update.win32_2.0.0.202105311346/tools/bin/../lib/gcc/arm-none-eabi/9.3.1/thumb/v7e-m+fp/hard/crti.o
LOAD c:/program files/st/stm32cubeide/stm32cubeide/plugins/com.st.stm32cube.ide.mcu.externaltools.gnu-tools-for-stm32.9-2020-q2-update.win32_2.0.0.202105311346/tools/bin/../lib/gcc/arm-none-eabi/9.3.1/thumb/v7e-m+fp/hard/crtbegin.o
LOAD c:/program files/st/stm32cubeide/stm32cubeide/plugins/com.st.stm32cube.ide.mcu.externaltools.gnu-tools-for-stm32.9-2020-q2-update.win32_2.0.0.202105311346/tools/bin/../lib/gcc/arm-none-eabi/9.3.1/../../../../arm-none-eabi/lib/thumb/v7e-m+fp/hard/crt0.o
LOAD ./Core/Src/ft_can.o
LOAD ./Core/Src/main.o
LOAD ./Core/Src/principal_can.o
LOAD ./Core/Src/principal_datalogger.o
LOAD ./Core/Src/principal_interrupts.o
LOAD ./Core/Src/stm32f4xx_hal_msp.o
LOAD ./Core/Src/stm32f4xx_it.o
LOAD ./Core/Src/syscalls.o
LOAD ./Core/Src/sysmem.o
LOAD ./Core/Src/system_stm32f4xx.o
LOAD ./Core/Startup/startup_stm32f446retx.o
LOAD ./Drivers/STM32F4xx_HAL_Driver/Src/stm32f4xx_hal.o
LOAD ./Drivers/STM32F4xx_HAL_Driver/Src/stm32f4xx_hal_adc.o
LOAD ./Drivers/STM32F4xx_HAL_Driver/Src/stm32f4xx_hal_adc_ex.o
LOAD ./Drivers/STM32F4xx_HAL_Driver/Src/stm32f4xx_hal_can.o
LOAD ./Drivers/STM32F4xx_HAL_Driver/Src/stm32f4xx_hal_cortex.o
LOAD ./Drivers/STM32F4xx_HAL_Driver/Src/stm32f4xx_hal_dma.o
LOAD ./Drivers/STM32F4xx_HAL_Driver/Src/stm32f4xx_hal_dma_ex.o
LOAD ./Drivers/STM32F4xx_HAL_Driver/Src/stm32f4xx_hal_exti.o
LOAD ./Drivers/STM32F4xx_HAL_Driver/Src/stm32f4xx_hal_flash.o
LOAD ./Drivers/STM32F4xx_HAL_Driver/Src/stm32f4xx_hal_flash_ex.o
LOAD ./Drivers/STM32F4xx_HAL_Driver/Src/stm32f4xx_hal_flash_ramfunc.o
LOAD ./Drivers/STM32F4xx_HAL_Driver/Src/stm32f4xx_hal_gpio.o
LOAD ./Drivers/STM32F4xx_HAL_Driver/Src/stm32f4xx_hal_i2c.o
LOAD ./Drivers/STM32F4xx_HAL_Driver/Src/stm32f4xx_hal_i2c_ex.o
LOAD ./Drivers/STM32F4xx_HAL_Driver/Src/stm32f4xx_hal_iwdg.o
LOAD ./Drivers/STM32F4xx_HAL_Driver/Src/stm32f4xx_hal_pcd.o
LOAD ./Drivers/STM32F4xx_HAL_Driver/Src/stm32f4xx_hal_pcd_ex.o
LOAD ./Drivers/STM32F4xx_HAL_Driver/Src/stm32f4xx_hal_pwr.o
LOAD ./Drivers/STM32F4xx_HAL_Driver/Src/stm32f4xx_hal_pwr_ex.o
LOAD ./Drivers/STM32F4xx_HAL_Driver/Src/stm32f4xx_hal_rcc.o
LOAD ./Drivers/STM32F4xx_HAL_Driver/Src/stm32f4xx_hal_rcc_ex.o
LOAD ./Drivers/STM32F4xx_HAL_Driver/Src/stm32f4xx_hal_rtc.o
LOAD ./Drivers/STM32F4xx_HAL_Driver/Src/stm32f4xx_hal_rtc_ex.o
LOAD ./Drivers/STM32F4xx_HAL_Driver/Src/stm32f4xx_hal_sd.o
LOAD ./Drivers/STM32F4xx_HAL_Driver/Src/stm32f4xx_hal_tim.o
LOAD ./Drivers/STM32F4xx_HAL_Driver/Src/stm32f4xx_hal_tim_ex.o
LOAD ./Drivers/STM32F4xx_HAL_Driver/Src/stm32f4xx_ll_adc.o
LOAD ./Drivers/STM32F4xx_HAL_Driver/Src/stm32f4xx_ll_sdmmc.o
LOAD ./Drivers/STM32F4xx_HAL_Driver/Src/stm32f4xx_ll_usb.o
LOAD ./FATFS/App/fatfs.o
LOAD ./FATFS/Target/bsp_driver_sd.o
LOAD ./FATFS/Target/fatfs_platform.o
LOAD ./FATFS/Target/sd_diskio.o
LOAD ./Middlewares/ST/STM32_USB_Device_Library/Class/MSC/Src/usbd_msc.o
LOAD ./Middlewares/ST/STM32_USB_Device_Library/Class/MSC/Src/usbd_msc_bot.o
LOAD ./Middlewares/ST/STM32_USB_Device_Library/Class/MSC/Src/usbd_msc_data.o
LOAD ./Middlewares/ST/STM32_USB_Device_Library/Class/MSC/Src/usbd_msc_scsi.o
LOAD ./Middlewares/ST/STM32_USB_Device_Library/Core/Src/usbd_core.o
LOAD ./Middlewares/ST/STM32_USB_Device_Library/Core/Src/usbd_ctlreq.o
LOAD ./Middlewares/ST/STM32_USB_Device_Library/Core/Src/usbd_ioreq.o
LOAD ./Middlewares/Third_Party/FatFs/src/diskio.o
LOAD ./Middlewares/Third_Party/FatFs/src/ff.o
LOAD ./Middlewares/Third_Party/FatFs/src/ff_gen_drv.o
LOAD ./Middlewares/Third_Party/FatFs/src/option/syscall.o
LOAD ./USB_DEVICE/App/usb_device.o
LOAD ./USB_DEVICE/App/usbd_desc.o
LOAD ./USB_DEVICE/App/usbd_storage_if.o
LOAD ./USB_DEVICE/Target/usbd_conf.o
START GROUP
LOAD c:/program files/st/stm32cubeide/stm32cubeide/plugins/com.st.stm32cube.ide.mcu.externaltools.gnu-tools-for-stm32.9-2020-q2-update.win32_2.0.0.202105311346/tools/bin/../lib/gcc/arm-none-eabi/9.3.1/../../../../arm-none-eabi/lib/thumb/v7e-m+fp/hard\libc_nano.a
LOAD c:/program files/st/stm32cubeide/stm32cubeide/plugins/com.st.stm32cube.ide.mcu.externaltools.gnu-tools-for-stm32.9-2020-q2-update.win32_2.0.0.202105311346/tools/bin/../lib/gcc/arm-none-eabi/9.3.1/../../../../arm-none-eabi/lib/thumb/v7e-m+fp/hard\libm.a
END GROUP
START GROUP
LOAD c:/program files/st/stm32cubeide/stm32cubeide/plugins/com.st.stm32cube.ide.mcu.externaltools.gnu-tools-for-stm32.9-2020-q2-update.win32_2.0.0.202105311346/tools/bin/../lib/gcc/arm-none-eabi/9.3.1/thumb/v7e-m+fp/hard\libgcc.a
LOAD c:/program files/st/stm32cubeide/stm32cubeide/plugins/com.st.stm32cube.ide.mcu.externaltools.gnu-tools-for-stm32.9-2020-q2-update.win32_2.0.0.202105311346/tools/bin/../lib/gcc/arm-none-eabi/9.3.1/../../../../arm-none-eabi/lib/thumb/v7e-m+fp/hard\libc_nano.a
END GROUP
START GROUP
LOAD c:/program files/st/stm32cubeide/stm32cubeide/plugins/com.st.stm32cube.ide.mcu.externaltools.gnu-tools-for-stm32.9-2020-q2-update.win32_2.0.0.202105311346/tools/bin/../lib/gcc/arm-none-eabi/9.3.1/thumb/v7e-m+fp/hard\libgcc.a
LOAD c:/program files/st/stm32cubeide/stm32cubeide/plugins/com.st.stm32cube.ide.mcu.externaltools.gnu-tools-for-stm32.9-2020-q2-update.win32_2.0.0.202105311346/tools/bin/../lib/gcc/arm-none-eabi/9.3.1/../../../../arm-none-eabi/lib/thumb/v7e-m+fp/hard\libc_nano.a
LOAD c:/program files/st/stm32cubeide/stm32cubeide/plugins/com.st.stm32cube.ide.mcu.externaltools.gnu-tools-for-stm32.9-2020-q2-update.win32_2.0.0.202105311346/tools/bin/../lib/gcc/arm-none-eabi/9.3.1/../../../../arm-none-eabi/lib/thumb/v7e-m+fp/hard\libnosys.a
END GROUP
START GROUP
LOAD c:/program files/st/stm32cubeide/stm32cubeide/plugins/com.st.stm32cube.ide.mcu.externaltools.gnu-tools-for-stm32.9-2020-q2-update.win32_2.0.0.202105311346/tools/bin/../lib/gcc/arm-none-eabi/9.3.1/thumb/v7e-m+fp/hard\libgcc.a
LOAD c:/program files/st/stm32cubeide/stm32cubeide/plugins/com.st.stm32cube.ide.mcu.externaltools.gnu-tools-for-stm32.9-2020-q2-update.win32_2.0.0.202105311346/tools/bin/../lib/gcc/arm-none-eabi/9.3.1/../../../../arm-none-eabi/lib/thumb/v7e-m+fp/hard\libc_nano.a
LOAD c:/program files/st/stm32cubeide/stm32cubeide/plugins/com.st.stm32cube.ide.mcu.externaltools.gnu-tools-for-stm32.9-2020-q2-update.win32_2.0.0.202105311346/tools/bin/../lib/gcc/arm-none-eabi/9.3.1/../../../../arm-none-eabi/lib/thumb/v7e-m+fp/hard\libnosys.a
END GROUP
LOAD c:/program files/st/stm32cubeide/stm32cubeide/plugins/com.st.stm32cube.ide.mcu.externaltools.gnu-tools-for-stm32.9-2020-q2-update.win32_2.0.0.202105311346/tools/bin/../lib/gcc/arm-none-eabi/9.3.1/thumb/v7e-m+fp/hard/crtend.o
LOAD c:/program files/st/stm32cubeide/stm32cubeide/plugins/com.st.stm32cube.ide.mcu.externaltools.gnu-tools-for-stm32.9-2020-q2-update.win32_2.0.0.202105311346/tools/bin/../lib/gcc/arm-none-eabi/9.3.1/thumb/v7e-m+fp/hard/crtn.o
                0x0000000020020000                _estack = (ORIGIN (RAM) + LENGTH (RAM))
                0x0000000000002000                _Min_Heap_Size = 0x2000
                0x0000000000004000                _Min_Stack_Size = 0x4000

.isr_vector     0x0000000008000000      0x1c4
                0x0000000008000000                . = ALIGN (0x4)
 *(.isr_vector)
 .isr_vector    0x0000000008000000      0x1c4 ./Core/Startup/startup_stm32f446retx.o
                0x0000000008000000                g_pfnVectors
                0x00000000080001c4                . = ALIGN (0x4)

.text           0x00000000080001c4     0xe984
                0x00000000080001c4                . = ALIGN (0x4)
 *(.text)
 .text          0x00000000080001c4       0x40 c:/program files/st/stm32cubeide/stm32cubeide/plugins/com.st.stm32cube.ide.mcu.externaltools.gnu-tools-for-stm32.9-2020-q2-update.win32_2.0.0.202105311346/tools/bin/../lib/gcc/arm-none-eabi/9.3.1/thumb/v7e-m+fp/hard/crtbegin.o
 .text          0x0000000008000204       0x30 c:/program files/st/stm32cubeide/stm32cubeide/plugins/com.st.stm32cube.ide.mcu.externaltools.gnu-tools-for-stm32.9-2020-q2-update.win32_2.0.0.202105311346/tools/bin/../lib/gcc/arm-none-eabi/9.3.1/thumb/v7e-m+fp/hard\libgcc.a(_aeabi_uldivmod.o)
                0x0000000008000204                __aeabi_uldivmod
 .text          0x0000000008000234      0x2c4 c:/program files/st/stm32cubeide/stm32cubeide/plugins/com.st.stm32cube.ide.mcu.externaltools.gnu-tools-for-stm32.9-2020-q2-update.win32_2.0.0.202105311346/tools/bin/../lib/gcc/arm-none-eabi/9.3.1/thumb/v7e-m+fp/hard\libgcc.a(_udivmoddi4.o)
                0x0000000008000234                __udivmoddi4
 .text          0x00000000080004f8        0x4 c:/program files/st/stm32cubeide/stm32cubeide/plugins/com.st.stm32cube.ide.mcu.externaltools.gnu-tools-for-stm32.9-2020-q2-update.win32_2.0.0.202105311346/tools/bin/../lib/gcc/arm-none-eabi/9.3.1/thumb/v7e-m+fp/hard\libgcc.a(_dvmd_tls.o)
                0x00000000080004f8                __aeabi_idiv0
                0x00000000080004f8                __aeabi_ldiv0
 *(.text*)
 .text.FT_CAN_ProcessData
                0x00000000080004fc      0x458 ./Core/Src/ft_can.o
 .text.FT_CAN_ProcessCustomData
                0x0000000008000954       0x1c ./Core/Src/ft_can.o
                0x0000000008000954                FT_CAN_ProcessCustomData
 .text.FT_CAN_ReceiveData
                0x0000000008000970      0x798 ./Core/Src/ft_can.o
                0x0000000008000970                FT_CAN_ReceiveData
 .text.main     0x0000000008001108       0xec ./Core/Src/main.o
                0x0000000008001108                main
 .text.SystemClock_Config
                0x00000000080011f4       0xf0 ./Core/Src/main.o
                0x00000000080011f4                SystemClock_Config
 .text.PeriphCommonClock_Config
                0x00000000080012e4       0x50 ./Core/Src/main.o
                0x00000000080012e4                PeriphCommonClock_Config
 .text.MX_ADC1_Init
                0x0000000008001334      0x130 ./Core/Src/main.o
 .text.MX_ADC2_Init
                0x0000000008001464      0x130 ./Core/Src/main.o
 .text.MX_CAN1_Init
                0x0000000008001594       0x6c ./Core/Src/main.o
 .text.MX_I2C1_Init
                0x0000000008001600       0x5c ./Core/Src/main.o
 .text.MX_IWDG_Init
                0x000000000800165c       0x34 ./Core/Src/main.o
 .text.MX_RTC_Init
                0x0000000008001690       0x4c ./Core/Src/main.o
 .text.MX_SDIO_SD_Init
                0x00000000080016dc       0x40 ./Core/Src/main.o
 .text.MX_TIM6_Init
                0x000000000800171c       0x6c ./Core/Src/main.o
 .text.MX_DMA_Init
                0x0000000008001788       0x70 ./Core/Src/main.o
 .text.MX_GPIO_Init
                0x00000000080017f8      0x14c ./Core/Src/main.o
 .text.Error_Handler
                0x0000000008001944        0xa ./Core/Src/main.o
                0x0000000008001944                Error_Handler
 *fill*         0x000000000800194e        0x2 
 .text.Msg_0    0x0000000008001950       0xf4 ./Core/Src/principal_can.o
 .text.Msg_1    0x0000000008001a44       0xf4 ./Core/Src/principal_can.o
 .text.Msg_2    0x0000000008001b38       0xf4 ./Core/Src/principal_can.o
 .text.Msg_Verify
                0x0000000008001c2c       0x74 ./Core/Src/principal_can.o
 .text.Msg_PDM  0x0000000008001ca0        0xe ./Core/Src/principal_can.o
 .text.Msg_ECU  0x0000000008001cae        0xe ./Core/Src/principal_can.o
 .text.Principal_Transmit_Msg
                0x0000000008001cbc       0x64 ./Core/Src/principal_can.o
                0x0000000008001cbc                Principal_Transmit_Msg
 .text.Datalogger_Save_Buffer
                0x0000000008001d20       0xbc ./Core/Src/principal_datalogger.o
                0x0000000008001d20                Datalogger_Save_Buffer
 .text.HAL_CAN_RxFifo0MsgPendingCallback
                0x0000000008001ddc       0x84 ./Core/Src/principal_interrupts.o
                0x0000000008001ddc                HAL_CAN_RxFifo0MsgPendingCallback
 .text.HAL_GPIO_EXTI_Callback
                0x0000000008001e60       0x16 ./Core/Src/principal_interrupts.o
                0x0000000008001e60                HAL_GPIO_EXTI_Callback
 *fill*         0x0000000008001e76        0x2 
 .text.HAL_TIM_PeriodElapsedCallback
                0x0000000008001e78       0x70 ./Core/Src/principal_interrupts.o
                0x0000000008001e78                HAL_TIM_PeriodElapsedCallback
 .text.HAL_MspInit
                0x0000000008001ee8       0x50 ./Core/Src/stm32f4xx_hal_msp.o
                0x0000000008001ee8                HAL_MspInit
 .text.HAL_ADC_MspInit
                0x0000000008001f38      0x22c ./Core/Src/stm32f4xx_hal_msp.o
                0x0000000008001f38                HAL_ADC_MspInit
 .text.HAL_CAN_MspInit
                0x0000000008002164       0xa0 ./Core/Src/stm32f4xx_hal_msp.o
                0x0000000008002164                HAL_CAN_MspInit
 .text.HAL_I2C_MspInit
                0x0000000008002204       0x90 ./Core/Src/stm32f4xx_hal_msp.o
                0x0000000008002204                HAL_I2C_MspInit
 .text.HAL_RTC_MspInit
                0x0000000008002294       0x54 ./Core/Src/stm32f4xx_hal_msp.o
                0x0000000008002294                HAL_RTC_MspInit
 .text.HAL_SD_MspInit
                0x00000000080022e8      0x1e0 ./Core/Src/stm32f4xx_hal_msp.o
                0x00000000080022e8                HAL_SD_MspInit
 .text.HAL_TIM_Base_MspInit
                0x00000000080024c8       0x50 ./Core/Src/stm32f4xx_hal_msp.o
                0x00000000080024c8                HAL_TIM_Base_MspInit
 .text.NMI_Handler
                0x0000000008002518        0x6 ./Core/Src/stm32f4xx_it.o
                0x0000000008002518                NMI_Handler
 .text.HardFault_Handler
                0x000000000800251e        0x6 ./Core/Src/stm32f4xx_it.o
                0x000000000800251e                HardFault_Handler
 .text.MemManage_Handler
                0x0000000008002524        0x6 ./Core/Src/stm32f4xx_it.o
                0x0000000008002524                MemManage_Handler
 .text.BusFault_Handler
                0x000000000800252a        0x6 ./Core/Src/stm32f4xx_it.o
                0x000000000800252a                BusFault_Handler
 .text.UsageFault_Handler
                0x0000000008002530        0x6 ./Core/Src/stm32f4xx_it.o
                0x0000000008002530                UsageFault_Handler
 .text.SVC_Handler
                0x0000000008002536        0xe ./Core/Src/stm32f4xx_it.o
                0x0000000008002536                SVC_Handler
 .text.DebugMon_Handler
                0x0000000008002544        0xe ./Core/Src/stm32f4xx_it.o
                0x0000000008002544                DebugMon_Handler
 .text.PendSV_Handler
                0x0000000008002552        0xe ./Core/Src/stm32f4xx_it.o
                0x0000000008002552                PendSV_Handler
 .text.SysTick_Handler
                0x0000000008002560        0xc ./Core/Src/stm32f4xx_it.o
                0x0000000008002560                SysTick_Handler
 .text.CAN1_RX0_IRQHandler
                0x000000000800256c       0x14 ./Core/Src/stm32f4xx_it.o
                0x000000000800256c                CAN1_RX0_IRQHandler
 .text.EXTI15_10_IRQHandler
                0x0000000008002580       0x18 ./Core/Src/stm32f4xx_it.o
                0x0000000008002580                EXTI15_10_IRQHandler
 .text.SDIO_IRQHandler
                0x0000000008002598       0x14 ./Core/Src/stm32f4xx_it.o
                0x0000000008002598                SDIO_IRQHandler
 .text.TIM6_DAC_IRQHandler
                0x00000000080025ac       0x14 ./Core/Src/stm32f4xx_it.o
                0x00000000080025ac                TIM6_DAC_IRQHandler
 .text.DMA2_Stream0_IRQHandler
                0x00000000080025c0       0x14 ./Core/Src/stm32f4xx_it.o
                0x00000000080025c0                DMA2_Stream0_IRQHandler
 .text.DMA2_Stream2_IRQHandler
                0x00000000080025d4       0x14 ./Core/Src/stm32f4xx_it.o
                0x00000000080025d4                DMA2_Stream2_IRQHandler
 .text.DMA2_Stream3_IRQHandler
                0x00000000080025e8       0x14 ./Core/Src/stm32f4xx_it.o
                0x00000000080025e8                DMA2_Stream3_IRQHandler
 .text.OTG_FS_IRQHandler
                0x00000000080025fc       0x14 ./Core/Src/stm32f4xx_it.o
                0x00000000080025fc                OTG_FS_IRQHandler
 .text.DMA2_Stream6_IRQHandler
                0x0000000008002610       0x14 ./Core/Src/stm32f4xx_it.o
                0x0000000008002610                DMA2_Stream6_IRQHandler
 .text.SystemInit
                0x0000000008002624       0x24 ./Core/Src/system_stm32f4xx.o
                0x0000000008002624                SystemInit
 .text.Reset_Handler
                0x0000000008002648       0x50 ./Core/Startup/startup_stm32f446retx.o
                0x0000000008002648                Reset_Handler
 .text.Default_Handler
                0x0000000008002698        0x2 ./Core/Startup/startup_stm32f446retx.o
                0x0000000008002698                RTC_Alarm_IRQHandler
                0x0000000008002698                EXTI2_IRQHandler
                0x0000000008002698                TIM8_CC_IRQHandler
                0x0000000008002698                FMPI2C1_EV_IRQHandler
                0x0000000008002698                SPI4_IRQHandler
                0x0000000008002698                TIM1_CC_IRQHandler
                0x0000000008002698                DMA2_Stream5_IRQHandler
                0x0000000008002698                DMA1_Stream5_IRQHandler
                0x0000000008002698                PVD_IRQHandler
                0x0000000008002698                TAMP_STAMP_IRQHandler
                0x0000000008002698                CAN2_RX1_IRQHandler
                0x0000000008002698                EXTI3_IRQHandler
                0x0000000008002698                TIM8_TRG_COM_TIM14_IRQHandler
                0x0000000008002698                TIM1_UP_TIM10_IRQHandler
                0x0000000008002698                TIM8_UP_TIM13_IRQHandler
                0x0000000008002698                I2C3_ER_IRQHandler
                0x0000000008002698                EXTI0_IRQHandler
                0x0000000008002698                I2C2_EV_IRQHandler
                0x0000000008002698                DMA1_Stream2_IRQHandler
                0x0000000008002698                FPU_IRQHandler
                0x0000000008002698                OTG_HS_WKUP_IRQHandler
                0x0000000008002698                CAN2_SCE_IRQHandler
                0x0000000008002698                SPI1_IRQHandler
                0x0000000008002698                TIM1_BRK_TIM9_IRQHandler
                0x0000000008002698                DCMI_IRQHandler
                0x0000000008002698                CAN2_RX0_IRQHandler
                0x0000000008002698                SAI2_IRQHandler
                0x0000000008002698                USART6_IRQHandler
                0x0000000008002698                USART3_IRQHandler
                0x0000000008002698                CAN1_RX1_IRQHandler
                0x0000000008002698                UART5_IRQHandler
                0x0000000008002698                TIM4_IRQHandler
                0x0000000008002698                QUADSPI_IRQHandler
                0x0000000008002698                I2C1_EV_IRQHandler
                0x0000000008002698                DMA1_Stream6_IRQHandler
                0x0000000008002698                DMA1_Stream1_IRQHandler
                0x0000000008002698                UART4_IRQHandler
                0x0000000008002698                TIM3_IRQHandler
                0x0000000008002698                RCC_IRQHandler
                0x0000000008002698                TIM8_BRK_TIM12_IRQHandler
                0x0000000008002698                Default_Handler
                0x0000000008002698                CEC_IRQHandler
                0x0000000008002698                ADC_IRQHandler
                0x0000000008002698                DMA1_Stream7_IRQHandler
                0x0000000008002698                TIM7_IRQHandler
                0x0000000008002698                CAN2_TX_IRQHandler
                0x0000000008002698                TIM5_IRQHandler
                0x0000000008002698                DMA2_Stream7_IRQHandler
                0x0000000008002698                I2C3_EV_IRQHandler
                0x0000000008002698                EXTI9_5_IRQHandler
                0x0000000008002698                RTC_WKUP_IRQHandler
                0x0000000008002698                SPDIF_RX_IRQHandler
                0x0000000008002698                SPI2_IRQHandler
                0x0000000008002698                OTG_HS_EP1_IN_IRQHandler
                0x0000000008002698                DMA1_Stream0_IRQHandler
                0x0000000008002698                CAN1_TX_IRQHandler
                0x0000000008002698                FMPI2C1_ER_IRQHandler
                0x0000000008002698                EXTI4_IRQHandler
                0x0000000008002698                OTG_HS_EP1_OUT_IRQHandler
                0x0000000008002698                WWDG_IRQHandler
                0x0000000008002698                TIM2_IRQHandler
                0x0000000008002698                OTG_FS_WKUP_IRQHandler
                0x0000000008002698                TIM1_TRG_COM_TIM11_IRQHandler
                0x0000000008002698                OTG_HS_IRQHandler
                0x0000000008002698                EXTI1_IRQHandler
                0x0000000008002698                USART2_IRQHandler
                0x0000000008002698                I2C2_ER_IRQHandler
                0x0000000008002698                DMA2_Stream1_IRQHandler
                0x0000000008002698                CAN1_SCE_IRQHandler
                0x0000000008002698                FLASH_IRQHandler
                0x0000000008002698                DMA2_Stream4_IRQHandler
                0x0000000008002698                USART1_IRQHandler
                0x0000000008002698                SPI3_IRQHandler
                0x0000000008002698                DMA1_Stream4_IRQHandler
                0x0000000008002698                I2C1_ER_IRQHandler
                0x0000000008002698                FMC_IRQHandler
                0x0000000008002698                SAI1_IRQHandler
                0x0000000008002698                DMA1_Stream3_IRQHandler
 *fill*         0x000000000800269a        0x2 
 .text.HAL_Init
                0x000000000800269c       0x44 ./Drivers/STM32F4xx_HAL_Driver/Src/stm32f4xx_hal.o
                0x000000000800269c                HAL_Init
 .text.HAL_InitTick
                0x00000000080026e0       0x60 ./Drivers/STM32F4xx_HAL_Driver/Src/stm32f4xx_hal.o
                0x00000000080026e0                HAL_InitTick
 .text.HAL_IncTick
                0x0000000008002740       0x28 ./Drivers/STM32F4xx_HAL_Driver/Src/stm32f4xx_hal.o
                0x0000000008002740                HAL_IncTick
 .text.HAL_GetTick
                0x0000000008002768       0x18 ./Drivers/STM32F4xx_HAL_Driver/Src/stm32f4xx_hal.o
                0x0000000008002768                HAL_GetTick
 .text.HAL_Delay
                0x0000000008002780       0x48 ./Drivers/STM32F4xx_HAL_Driver/Src/stm32f4xx_hal.o
                0x0000000008002780                HAL_Delay
 .text.HAL_ADC_Init
                0x00000000080027c8       0x86 ./Drivers/STM32F4xx_HAL_Driver/Src/stm32f4xx_hal_adc.o
                0x00000000080027c8                HAL_ADC_Init
 *fill*         0x000000000800284e        0x2 
 .text.HAL_ADC_ConfigChannel
                0x0000000008002850      0x264 ./Drivers/STM32F4xx_HAL_Driver/Src/stm32f4xx_hal_adc.o
                0x0000000008002850                HAL_ADC_ConfigChannel
 .text.ADC_Init
                0x0000000008002ab4      0x1f8 ./Drivers/STM32F4xx_HAL_Driver/Src/stm32f4xx_hal_adc.o
 .text.HAL_CAN_Init
                0x0000000008002cac      0x1f6 ./Drivers/STM32F4xx_HAL_Driver/Src/stm32f4xx_hal_can.o
                0x0000000008002cac                HAL_CAN_Init
 .text.HAL_CAN_AddTxMessage
                0x0000000008002ea2      0x1b6 ./Drivers/STM32F4xx_HAL_Driver/Src/stm32f4xx_hal_can.o
                0x0000000008002ea2                HAL_CAN_AddTxMessage
 .text.HAL_CAN_GetTxMailboxesFreeLevel
                0x0000000008003058       0x6a ./Drivers/STM32F4xx_HAL_Driver/Src/stm32f4xx_hal_can.o
                0x0000000008003058                HAL_CAN_GetTxMailboxesFreeLevel
 .text.HAL_CAN_GetRxMessage
                0x00000000080030c2      0x224 ./Drivers/STM32F4xx_HAL_Driver/Src/stm32f4xx_hal_can.o
                0x00000000080030c2                HAL_CAN_GetRxMessage
 .text.HAL_CAN_IRQHandler
                0x00000000080032e6      0x36e ./Drivers/STM32F4xx_HAL_Driver/Src/stm32f4xx_hal_can.o
                0x00000000080032e6                HAL_CAN_IRQHandler
 .text.HAL_CAN_TxMailbox0CompleteCallback
                0x0000000008003654       0x14 ./Drivers/STM32F4xx_HAL_Driver/Src/stm32f4xx_hal_can.o
                0x0000000008003654                HAL_CAN_TxMailbox0CompleteCallback
 .text.HAL_CAN_TxMailbox1CompleteCallback
                0x0000000008003668       0x14 ./Drivers/STM32F4xx_HAL_Driver/Src/stm32f4xx_hal_can.o
                0x0000000008003668                HAL_CAN_TxMailbox1CompleteCallback
 .text.HAL_CAN_TxMailbox2CompleteCallback
                0x000000000800367c       0x14 ./Drivers/STM32F4xx_HAL_Driver/Src/stm32f4xx_hal_can.o
                0x000000000800367c                HAL_CAN_TxMailbox2CompleteCallback
 .text.HAL_CAN_TxMailbox0AbortCallback
                0x0000000008003690       0x14 ./Drivers/STM32F4xx_HAL_Driver/Src/stm32f4xx_hal_can.o
                0x0000000008003690                HAL_CAN_TxMailbox0AbortCallback
 .text.HAL_CAN_TxMailbox1AbortCallback
                0x00000000080036a4       0x14 ./Drivers/STM32F4xx_HAL_Driver/Src/stm32f4xx_hal_can.o
                0x00000000080036a4                HAL_CAN_TxMailbox1AbortCallback
 .text.HAL_CAN_TxMailbox2AbortCallback
                0x00000000080036b8       0x14 ./Drivers/STM32F4xx_HAL_Driver/Src/stm32f4xx_hal_can.o
                0x00000000080036b8                HAL_CAN_TxMailbox2AbortCallback
 .text.HAL_CAN_RxFifo0FullCallback
                0x00000000080036cc       0x14 ./Drivers/STM32F4xx_HAL_Driver/Src/stm32f4xx_hal_can.o
                0x00000000080036cc                HAL_CAN_RxFifo0FullCallback
 .text.HAL_CAN_RxFifo1MsgPendingCallback
                0x00000000080036e0       0x14 ./Drivers/STM32F4xx_HAL_Driver/Src/stm32f4xx_hal_can.o
                0x00000000080036e0                HAL_CAN_RxFifo1MsgPendingCallback
 .text.HAL_CAN_RxFifo1FullCallback
                0x00000000080036f4       0x14 ./Drivers/STM32F4xx_HAL_Driver/Src/stm32f4xx_hal_can.o
                0x00000000080036f4                HAL_CAN_RxFifo1FullCallback
 .text.HAL_CAN_SleepCallback
                0x0000000008003708       0x14 ./Drivers/STM32F4xx_HAL_Driver/Src/stm32f4xx_hal_can.o
                0x0000000008003708                HAL_CAN_SleepCallback
 .text.HAL_CAN_WakeUpFromRxMsgCallback
                0x000000000800371c       0x14 ./Drivers/STM32F4xx_HAL_Driver/Src/stm32f4xx_hal_can.o
                0x000000000800371c                HAL_CAN_WakeUpFromRxMsgCallback
 .text.HAL_CAN_ErrorCallback
                0x0000000008003730       0x14 ./Drivers/STM32F4xx_HAL_Driver/Src/stm32f4xx_hal_can.o
                0x0000000008003730                HAL_CAN_ErrorCallback
 .text.__NVIC_SetPriorityGrouping
                0x0000000008003744       0x48 ./Drivers/STM32F4xx_HAL_Driver/Src/stm32f4xx_hal_cortex.o
 .text.__NVIC_GetPriorityGrouping
                0x000000000800378c       0x1c ./Drivers/STM32F4xx_HAL_Driver/Src/stm32f4xx_hal_cortex.o
 .text.__NVIC_EnableIRQ
                0x00000000080037a8       0x3c ./Drivers/STM32F4xx_HAL_Driver/Src/stm32f4xx_hal_cortex.o
 .text.__NVIC_SetPriority
                0x00000000080037e4       0x54 ./Drivers/STM32F4xx_HAL_Driver/Src/stm32f4xx_hal_cortex.o
 .text.NVIC_EncodePriority
                0x0000000008003838       0x66 ./Drivers/STM32F4xx_HAL_Driver/Src/stm32f4xx_hal_cortex.o
 *fill*         0x000000000800389e        0x2 
 .text.SysTick_Config
                0x00000000080038a0       0x44 ./Drivers/STM32F4xx_HAL_Driver/Src/stm32f4xx_hal_cortex.o
 .text.HAL_NVIC_SetPriorityGrouping
                0x00000000080038e4       0x16 ./Drivers/STM32F4xx_HAL_Driver/Src/stm32f4xx_hal_cortex.o
                0x00000000080038e4                HAL_NVIC_SetPriorityGrouping
 .text.HAL_NVIC_SetPriority
                0x00000000080038fa       0x38 ./Drivers/STM32F4xx_HAL_Driver/Src/stm32f4xx_hal_cortex.o
                0x00000000080038fa                HAL_NVIC_SetPriority
 .text.HAL_NVIC_EnableIRQ
                0x0000000008003932       0x1c ./Drivers/STM32F4xx_HAL_Driver/Src/stm32f4xx_hal_cortex.o
                0x0000000008003932                HAL_NVIC_EnableIRQ
 .text.HAL_SYSTICK_Config
                0x000000000800394e       0x18 ./Drivers/STM32F4xx_HAL_Driver/Src/stm32f4xx_hal_cortex.o
                0x000000000800394e                HAL_SYSTICK_Config
 *fill*         0x0000000008003966        0x2 
 .text.HAL_DMA_Init
                0x0000000008003968      0x15c ./Drivers/STM32F4xx_HAL_Driver/Src/stm32f4xx_hal_dma.o
                0x0000000008003968                HAL_DMA_Init
 .text.HAL_DMA_Start_IT
                0x0000000008003ac4       0xb0 ./Drivers/STM32F4xx_HAL_Driver/Src/stm32f4xx_hal_dma.o
                0x0000000008003ac4                HAL_DMA_Start_IT
 .text.HAL_DMA_Abort_IT
                0x0000000008003b74       0x44 ./Drivers/STM32F4xx_HAL_Driver/Src/stm32f4xx_hal_dma.o
                0x0000000008003b74                HAL_DMA_Abort_IT
 .text.HAL_DMA_IRQHandler
                0x0000000008003bb8      0x314 ./Drivers/STM32F4xx_HAL_Driver/Src/stm32f4xx_hal_dma.o
                0x0000000008003bb8                HAL_DMA_IRQHandler
 .text.HAL_DMA_GetError
                0x0000000008003ecc       0x18 ./Drivers/STM32F4xx_HAL_Driver/Src/stm32f4xx_hal_dma.o
                0x0000000008003ecc                HAL_DMA_GetError
 .text.DMA_SetConfig
                0x0000000008003ee4       0x5c ./Drivers/STM32F4xx_HAL_Driver/Src/stm32f4xx_hal_dma.o
 .text.DMA_CalcBaseAndBitshift
                0x0000000008003f40       0x6c ./Drivers/STM32F4xx_HAL_Driver/Src/stm32f4xx_hal_dma.o
 .text.DMA_CheckFifoParam
                0x0000000008003fac       0xf8 ./Drivers/STM32F4xx_HAL_Driver/Src/stm32f4xx_hal_dma.o
 .text.HAL_GPIO_Init
                0x00000000080040a4      0x328 ./Drivers/STM32F4xx_HAL_Driver/Src/stm32f4xx_hal_gpio.o
                0x00000000080040a4                HAL_GPIO_Init
 .text.HAL_GPIO_ReadPin
                0x00000000080043cc       0x30 ./Drivers/STM32F4xx_HAL_Driver/Src/stm32f4xx_hal_gpio.o
                0x00000000080043cc                HAL_GPIO_ReadPin
 .text.HAL_GPIO_WritePin
                0x00000000080043fc       0x32 ./Drivers/STM32F4xx_HAL_Driver/Src/stm32f4xx_hal_gpio.o
                0x00000000080043fc                HAL_GPIO_WritePin
 *fill*         0x000000000800442e        0x2 
 .text.HAL_GPIO_EXTI_IRQHandler
                0x0000000008004430       0x30 ./Drivers/STM32F4xx_HAL_Driver/Src/stm32f4xx_hal_gpio.o
                0x0000000008004430                HAL_GPIO_EXTI_IRQHandler
 .text.HAL_I2C_Init
                0x0000000008004460      0x288 ./Drivers/STM32F4xx_HAL_Driver/Src/stm32f4xx_hal_i2c.o
                0x0000000008004460                HAL_I2C_Init
 .text.HAL_IWDG_Init
                0x00000000080046e8       0x84 ./Drivers/STM32F4xx_HAL_Driver/Src/stm32f4xx_hal_iwdg.o
                0x00000000080046e8                HAL_IWDG_Init
 .text.HAL_PCD_Init
                0x000000000800476c      0x248 ./Drivers/STM32F4xx_HAL_Driver/Src/stm32f4xx_hal_pcd.o
                0x000000000800476c                HAL_PCD_Init
 .text.HAL_PCD_Start
                0x00000000080049b4       0x66 ./Drivers/STM32F4xx_HAL_Driver/Src/stm32f4xx_hal_pcd.o
                0x00000000080049b4                HAL_PCD_Start
 .text.HAL_PCD_IRQHandler
                0x0000000008004a1a      0x7be ./Drivers/STM32F4xx_HAL_Driver/Src/stm32f4xx_hal_pcd.o
                0x0000000008004a1a                HAL_PCD_IRQHandler
 .text.HAL_PCD_SetAddress
                0x00000000080051d8       0x4a ./Drivers/STM32F4xx_HAL_Driver/Src/stm32f4xx_hal_pcd.o
                0x00000000080051d8                HAL_PCD_SetAddress
 .text.HAL_PCD_EP_Open
                0x0000000008005222       0xd0 ./Drivers/STM32F4xx_HAL_Driver/Src/stm32f4xx_hal_pcd.o
                0x0000000008005222                HAL_PCD_EP_Open
 .text.HAL_PCD_EP_Close
                0x00000000080052f2       0x94 ./Drivers/STM32F4xx_HAL_Driver/Src/stm32f4xx_hal_pcd.o
                0x00000000080052f2                HAL_PCD_EP_Close
 .text.HAL_PCD_EP_Receive
                0x0000000008005386       0x96 ./Drivers/STM32F4xx_HAL_Driver/Src/stm32f4xx_hal_pcd.o
                0x0000000008005386                HAL_PCD_EP_Receive
 .text.HAL_PCD_EP_GetRxCount
                0x000000000800541c       0x30 ./Drivers/STM32F4xx_HAL_Driver/Src/stm32f4xx_hal_pcd.o
                0x000000000800541c                HAL_PCD_EP_GetRxCount
 .text.HAL_PCD_EP_Transmit
                0x000000000800544c       0x94 ./Drivers/STM32F4xx_HAL_Driver/Src/stm32f4xx_hal_pcd.o
                0x000000000800544c                HAL_PCD_EP_Transmit
 .text.HAL_PCD_EP_SetStall
                0x00000000080054e0       0xc8 ./Drivers/STM32F4xx_HAL_Driver/Src/stm32f4xx_hal_pcd.o
                0x00000000080054e0                HAL_PCD_EP_SetStall
 .text.HAL_PCD_EP_ClrStall
                0x00000000080055a8       0xac ./Drivers/STM32F4xx_HAL_Driver/Src/stm32f4xx_hal_pcd.o
                0x00000000080055a8                HAL_PCD_EP_ClrStall
 .text.HAL_PCD_EP_Flush
                0x0000000008005654       0x5a ./Drivers/STM32F4xx_HAL_Driver/Src/stm32f4xx_hal_pcd.o
                0x0000000008005654                HAL_PCD_EP_Flush
 .text.PCD_WriteEmptyTxFifo
                0x00000000080056ae      0x11a ./Drivers/STM32F4xx_HAL_Driver/Src/stm32f4xx_hal_pcd.o
 .text.PCD_EP_OutXfrComplete_int
                0x00000000080057c8      0x218 ./Drivers/STM32F4xx_HAL_Driver/Src/stm32f4xx_hal_pcd.o
 .text.PCD_EP_OutSetupPacket_int
                0x00000000080059e0       0x8c ./Drivers/STM32F4xx_HAL_Driver/Src/stm32f4xx_hal_pcd.o
 .text.HAL_PCDEx_SetTxFiFo
                0x0000000008005a6c       0x8e ./Drivers/STM32F4xx_HAL_Driver/Src/stm32f4xx_hal_pcd_ex.o
                0x0000000008005a6c                HAL_PCDEx_SetTxFiFo
 .text.HAL_PCDEx_SetRxFiFo
                0x0000000008005afa       0x22 ./Drivers/STM32F4xx_HAL_Driver/Src/stm32f4xx_hal_pcd_ex.o
                0x0000000008005afa                HAL_PCDEx_SetRxFiFo
 .text.HAL_PCDEx_ActivateLPM
                0x0000000008005b1c       0x48 ./Drivers/STM32F4xx_HAL_Driver/Src/stm32f4xx_hal_pcd_ex.o
                0x0000000008005b1c                HAL_PCDEx_ActivateLPM
 .text.HAL_PWREx_EnableOverDrive
                0x0000000008005b64       0xa0 ./Drivers/STM32F4xx_HAL_Driver/Src/stm32f4xx_hal_pwr_ex.o
                0x0000000008005b64                HAL_PWREx_EnableOverDrive
 .text.HAL_RCC_ClockConfig
                0x0000000008005c04      0x1cc ./Drivers/STM32F4xx_HAL_Driver/Src/stm32f4xx_hal_rcc.o
                0x0000000008005c04                HAL_RCC_ClockConfig
 .text.HAL_RCC_GetHCLKFreq
                0x0000000008005dd0       0x18 ./Drivers/STM32F4xx_HAL_Driver/Src/stm32f4xx_hal_rcc.o
                0x0000000008005dd0                HAL_RCC_GetHCLKFreq
 .text.HAL_RCC_GetPCLK1Freq
                0x0000000008005de8       0x28 ./Drivers/STM32F4xx_HAL_Driver/Src/stm32f4xx_hal_rcc.o
                0x0000000008005de8                HAL_RCC_GetPCLK1Freq
 .text.HAL_RCCEx_PeriphCLKConfig
                0x0000000008005e10      0x654 ./Drivers/STM32F4xx_HAL_Driver/Src/stm32f4xx_hal_rcc_ex.o
                0x0000000008005e10                HAL_RCCEx_PeriphCLKConfig
 .text.HAL_RCC_GetSysClockFreq
                0x0000000008006464      0x364 ./Drivers/STM32F4xx_HAL_Driver/Src/stm32f4xx_hal_rcc_ex.o
                0x0000000008006464                HAL_RCC_GetSysClockFreq
 .text.HAL_RCC_OscConfig
                0x00000000080067c8      0x53c ./Drivers/STM32F4xx_HAL_Driver/Src/stm32f4xx_hal_rcc_ex.o
                0x00000000080067c8                HAL_RCC_OscConfig
 .text.HAL_RTC_Init
                0x0000000008006d04      0x122 ./Drivers/STM32F4xx_HAL_Driver/Src/stm32f4xx_hal_rtc.o
                0x0000000008006d04                HAL_RTC_Init
 .text.HAL_RTC_WaitForSynchro
                0x0000000008006e26       0x50 ./Drivers/STM32F4xx_HAL_Driver/Src/stm32f4xx_hal_rtc.o
                0x0000000008006e26                HAL_RTC_WaitForSynchro
 .text.RTC_EnterInitMode
                0x0000000008006e76       0x58 ./Drivers/STM32F4xx_HAL_Driver/Src/stm32f4xx_hal_rtc.o
                0x0000000008006e76                RTC_EnterInitMode
 .text.HAL_SD_Init
                0x0000000008006ece       0x60 ./Drivers/STM32F4xx_HAL_Driver/Src/stm32f4xx_hal_sd.o
                0x0000000008006ece                HAL_SD_Init
 *fill*         0x0000000008006f2e        0x2 
 .text.HAL_SD_InitCard
                0x0000000008006f30       0xfc ./Drivers/STM32F4xx_HAL_Driver/Src/stm32f4xx_hal_sd.o
                0x0000000008006f30                HAL_SD_InitCard
 .text.HAL_SD_ReadBlocks_DMA
                0x000000000800702c      0x1c0 ./Drivers/STM32F4xx_HAL_Driver/Src/stm32f4xx_hal_sd.o
                0x000000000800702c                HAL_SD_ReadBlocks_DMA
 .text.HAL_SD_WriteBlocks_DMA
                0x00000000080071ec      0x1c4 ./Drivers/STM32F4xx_HAL_Driver/Src/stm32f4xx_hal_sd.o
                0x00000000080071ec                HAL_SD_WriteBlocks_DMA
 .text.HAL_SD_IRQHandler
                0x00000000080073b0      0x2ec ./Drivers/STM32F4xx_HAL_Driver/Src/stm32f4xx_hal_sd.o
                0x00000000080073b0                HAL_SD_IRQHandler
 .text.HAL_SD_ErrorCallback
                0x000000000800769c       0x14 ./Drivers/STM32F4xx_HAL_Driver/Src/stm32f4xx_hal_sd.o
                0x000000000800769c                HAL_SD_ErrorCallback
 .text.HAL_SD_GetCardCSD
                0x00000000080076b0      0x348 ./Drivers/STM32F4xx_HAL_Driver/Src/stm32f4xx_hal_sd.o
                0x00000000080076b0                HAL_SD_GetCardCSD
 .text.HAL_SD_GetCardInfo
                0x00000000080079f8       0x58 ./Drivers/STM32F4xx_HAL_Driver/Src/stm32f4xx_hal_sd.o
                0x00000000080079f8                HAL_SD_GetCardInfo
 .text.HAL_SD_ConfigWideBusOperation
                0x0000000008007a50      0x134 ./Drivers/STM32F4xx_HAL_Driver/Src/stm32f4xx_hal_sd.o
                0x0000000008007a50                HAL_SD_ConfigWideBusOperation
 .text.HAL_SD_GetCardState
                0x0000000008007b84       0x40 ./Drivers/STM32F4xx_HAL_Driver/Src/stm32f4xx_hal_sd.o
                0x0000000008007b84                HAL_SD_GetCardState
 .text.SD_DMATransmitCplt
                0x0000000008007bc4       0x2a ./Drivers/STM32F4xx_HAL_Driver/Src/stm32f4xx_hal_sd.o
 .text.SD_DMAReceiveCplt
                0x0000000008007bee       0x70 ./Drivers/STM32F4xx_HAL_Driver/Src/stm32f4xx_hal_sd.o
 *fill*         0x0000000008007c5e        0x2 
 .text.SD_DMAError
                0x0000000008007c60       0xa4 ./Drivers/STM32F4xx_HAL_Driver/Src/stm32f4xx_hal_sd.o
 .text.SD_DMATxAbort
                0x0000000008007d04       0x6e ./Drivers/STM32F4xx_HAL_Driver/Src/stm32f4xx_hal_sd.o
 .text.SD_DMARxAbort
                0x0000000008007d72       0x6e ./Drivers/STM32F4xx_HAL_Driver/Src/stm32f4xx_hal_sd.o
 .text.SD_InitCard
                0x0000000008007de0      0x198 ./Drivers/STM32F4xx_HAL_Driver/Src/stm32f4xx_hal_sd.o
 .text.SD_PowerON
                0x0000000008007f78      0x11c ./Drivers/STM32F4xx_HAL_Driver/Src/stm32f4xx_hal_sd.o
 .text.SD_SendStatus
                0x0000000008008094       0x50 ./Drivers/STM32F4xx_HAL_Driver/Src/stm32f4xx_hal_sd.o
 .text.SD_WideBus_Enable
                0x00000000080080e4       0x96 ./Drivers/STM32F4xx_HAL_Driver/Src/stm32f4xx_hal_sd.o
 .text.SD_WideBus_Disable
                0x000000000800817a       0x96 ./Drivers/STM32F4xx_HAL_Driver/Src/stm32f4xx_hal_sd.o
 .text.SD_FindSCR
                0x0000000008008210      0x1a6 ./Drivers/STM32F4xx_HAL_Driver/Src/stm32f4xx_hal_sd.o
 .text.SD_Read_IT
                0x00000000080083b6       0xa2 ./Drivers/STM32F4xx_HAL_Driver/Src/stm32f4xx_hal_sd.o
 .text.SD_Write_IT
                0x0000000008008458       0xaa ./Drivers/STM32F4xx_HAL_Driver/Src/stm32f4xx_hal_sd.o
 .text.HAL_TIM_Base_Init
                0x0000000008008502       0x9e ./Drivers/STM32F4xx_HAL_Driver/Src/stm32f4xx_hal_tim.o
                0x0000000008008502                HAL_TIM_Base_Init
 .text.HAL_TIM_IRQHandler
                0x00000000080085a0      0x210 ./Drivers/STM32F4xx_HAL_Driver/Src/stm32f4xx_hal_tim.o
                0x00000000080085a0                HAL_TIM_IRQHandler
 .text.HAL_TIM_OC_DelayElapsedCallback
                0x00000000080087b0       0x14 ./Drivers/STM32F4xx_HAL_Driver/Src/stm32f4xx_hal_tim.o
                0x00000000080087b0                HAL_TIM_OC_DelayElapsedCallback
 .text.HAL_TIM_IC_CaptureCallback
                0x00000000080087c4       0x14 ./Drivers/STM32F4xx_HAL_Driver/Src/stm32f4xx_hal_tim.o
                0x00000000080087c4                HAL_TIM_IC_CaptureCallback
 .text.HAL_TIM_PWM_PulseFinishedCallback
                0x00000000080087d8       0x14 ./Drivers/STM32F4xx_HAL_Driver/Src/stm32f4xx_hal_tim.o
                0x00000000080087d8                HAL_TIM_PWM_PulseFinishedCallback
 .text.HAL_TIM_TriggerCallback
                0x00000000080087ec       0x14 ./Drivers/STM32F4xx_HAL_Driver/Src/stm32f4xx_hal_tim.o
                0x00000000080087ec                HAL_TIM_TriggerCallback
 .text.TIM_Base_SetConfig
                0x0000000008008800      0x140 ./Drivers/STM32F4xx_HAL_Driver/Src/stm32f4xx_hal_tim.o
                0x0000000008008800                TIM_Base_SetConfig
 .text.HAL_TIMEx_MasterConfigSynchronization
                0x0000000008008940       0xf8 ./Drivers/STM32F4xx_HAL_Driver/Src/stm32f4xx_hal_tim_ex.o
                0x0000000008008940                HAL_TIMEx_MasterConfigSynchronization
 .text.HAL_TIMEx_CommutCallback
                0x0000000008008a38       0x14 ./Drivers/STM32F4xx_HAL_Driver/Src/stm32f4xx_hal_tim_ex.o
                0x0000000008008a38                HAL_TIMEx_CommutCallback
 .text.HAL_TIMEx_BreakCallback
                0x0000000008008a4c       0x14 ./Drivers/STM32F4xx_HAL_Driver/Src/stm32f4xx_hal_tim_ex.o
                0x0000000008008a4c                HAL_TIMEx_BreakCallback
 .text.SDIO_Init
                0x0000000008008a60       0x56 ./Drivers/STM32F4xx_HAL_Driver/Src/stm32f4xx_ll_sdmmc.o
                0x0000000008008a60                SDIO_Init
 .text.SDIO_ReadFIFO
                0x0000000008008ab6       0x1a ./Drivers/STM32F4xx_HAL_Driver/Src/stm32f4xx_ll_sdmmc.o
                0x0000000008008ab6                SDIO_ReadFIFO
 .text.SDIO_WriteFIFO
                0x0000000008008ad0       0x22 ./Drivers/STM32F4xx_HAL_Driver/Src/stm32f4xx_ll_sdmmc.o
                0x0000000008008ad0                SDIO_WriteFIFO
 .text.SDIO_PowerState_ON
                0x0000000008008af2       0x1e ./Drivers/STM32F4xx_HAL_Driver/Src/stm32f4xx_ll_sdmmc.o
                0x0000000008008af2                SDIO_PowerState_ON
 .text.SDIO_GetPowerState
                0x0000000008008b10       0x1c ./Drivers/STM32F4xx_HAL_Driver/Src/stm32f4xx_ll_sdmmc.o
                0x0000000008008b10                SDIO_GetPowerState
 .text.SDIO_SendCommand
                0x0000000008008b2c       0x54 ./Drivers/STM32F4xx_HAL_Driver/Src/stm32f4xx_ll_sdmmc.o
                0x0000000008008b2c                SDIO_SendCommand
 .text.SDIO_GetCommandResponse
                0x0000000008008b80       0x1a ./Drivers/STM32F4xx_HAL_Driver/Src/stm32f4xx_ll_sdmmc.o
                0x0000000008008b80                SDIO_GetCommandResponse
 .text.SDIO_GetResponse
                0x0000000008008b9a       0x26 ./Drivers/STM32F4xx_HAL_Driver/Src/stm32f4xx_ll_sdmmc.o
                0x0000000008008b9a                SDIO_GetResponse
 .text.SDIO_ConfigData
                0x0000000008008bc0       0x58 ./Drivers/STM32F4xx_HAL_Driver/Src/stm32f4xx_ll_sdmmc.o
                0x0000000008008bc0                SDIO_ConfigData
 .text.SDMMC_CmdBlockLength
                0x0000000008008c18       0x44 ./Drivers/STM32F4xx_HAL_Driver/Src/stm32f4xx_ll_sdmmc.o
                0x0000000008008c18                SDMMC_CmdBlockLength
 .text.SDMMC_CmdReadSingleBlock
                0x0000000008008c5c       0x44 ./Drivers/STM32F4xx_HAL_Driver/Src/stm32f4xx_ll_sdmmc.o
                0x0000000008008c5c                SDMMC_CmdReadSingleBlock
 .text.SDMMC_CmdReadMultiBlock
                0x0000000008008ca0       0x44 ./Drivers/STM32F4xx_HAL_Driver/Src/stm32f4xx_ll_sdmmc.o
                0x0000000008008ca0                SDMMC_CmdReadMultiBlock
 .text.SDMMC_CmdWriteSingleBlock
                0x0000000008008ce4       0x44 ./Drivers/STM32F4xx_HAL_Driver/Src/stm32f4xx_ll_sdmmc.o
                0x0000000008008ce4                SDMMC_CmdWriteSingleBlock
 .text.SDMMC_CmdWriteMultiBlock
                0x0000000008008d28       0x44 ./Drivers/STM32F4xx_HAL_Driver/Src/stm32f4xx_ll_sdmmc.o
                0x0000000008008d28                SDMMC_CmdWriteMultiBlock
 .text.SDMMC_CmdStopTransfer
                0x0000000008008d6c       0x44 ./Drivers/STM32F4xx_HAL_Driver/Src/stm32f4xx_ll_sdmmc.o
                0x0000000008008d6c                SDMMC_CmdStopTransfer
 .text.SDMMC_CmdSelDesel
                0x0000000008008db0       0x46 ./Drivers/STM32F4xx_HAL_Driver/Src/stm32f4xx_ll_sdmmc.o
                0x0000000008008db0                SDMMC_CmdSelDesel
 .text.SDMMC_CmdGoIdleState
                0x0000000008008df6       0x3c ./Drivers/STM32F4xx_HAL_Driver/Src/stm32f4xx_ll_sdmmc.o
                0x0000000008008df6                SDMMC_CmdGoIdleState
 .text.SDMMC_CmdOperCond
                0x0000000008008e32       0x3e ./Drivers/STM32F4xx_HAL_Driver/Src/stm32f4xx_ll_sdmmc.o
                0x0000000008008e32                SDMMC_CmdOperCond
 .text.SDMMC_CmdAppCommand
                0x0000000008008e70       0x44 ./Drivers/STM32F4xx_HAL_Driver/Src/stm32f4xx_ll_sdmmc.o
                0x0000000008008e70                SDMMC_CmdAppCommand
 .text.SDMMC_CmdAppOperCommand
                0x0000000008008eb4       0x46 ./Drivers/STM32F4xx_HAL_Driver/Src/stm32f4xx_ll_sdmmc.o
                0x0000000008008eb4                SDMMC_CmdAppOperCommand
 .text.SDMMC_CmdBusWidth
                0x0000000008008efa       0x44 ./Drivers/STM32F4xx_HAL_Driver/Src/stm32f4xx_ll_sdmmc.o
                0x0000000008008efa                SDMMC_CmdBusWidth
 .text.SDMMC_CmdSendSCR
                0x0000000008008f3e       0x42 ./Drivers/STM32F4xx_HAL_Driver/Src/stm32f4xx_ll_sdmmc.o
                0x0000000008008f3e                SDMMC_CmdSendSCR
 .text.SDMMC_CmdSendCID
                0x0000000008008f80       0x3c ./Drivers/STM32F4xx_HAL_Driver/Src/stm32f4xx_ll_sdmmc.o
                0x0000000008008f80                SDMMC_CmdSendCID
 .text.SDMMC_CmdSendCSD
                0x0000000008008fbc       0x3e ./Drivers/STM32F4xx_HAL_Driver/Src/stm32f4xx_ll_sdmmc.o
                0x0000000008008fbc                SDMMC_CmdSendCSD
 .text.SDMMC_CmdSetRelAdd
                0x0000000008008ffa       0x42 ./Drivers/STM32F4xx_HAL_Driver/Src/stm32f4xx_ll_sdmmc.o
                0x0000000008008ffa                SDMMC_CmdSetRelAdd
 .text.SDMMC_CmdSendStatus
                0x000000000800903c       0x44 ./Drivers/STM32F4xx_HAL_Driver/Src/stm32f4xx_ll_sdmmc.o
                0x000000000800903c                SDMMC_CmdSendStatus
 .text.SDMMC_GetCmdError
                0x0000000008009080       0x58 ./Drivers/STM32F4xx_HAL_Driver/Src/stm32f4xx_ll_sdmmc.o
 .text.SDMMC_GetCmdResp1
                0x00000000080090d8      0x1dc ./Drivers/STM32F4xx_HAL_Driver/Src/stm32f4xx_ll_sdmmc.o
 .text.SDMMC_GetCmdResp2
                0x00000000080092b4       0x90 ./Drivers/STM32F4xx_HAL_Driver/Src/stm32f4xx_ll_sdmmc.o
 .text.SDMMC_GetCmdResp3
                0x0000000008009344       0x7c ./Drivers/STM32F4xx_HAL_Driver/Src/stm32f4xx_ll_sdmmc.o
 .text.SDMMC_GetCmdResp6
                0x00000000080093c0       0xec ./Drivers/STM32F4xx_HAL_Driver/Src/stm32f4xx_ll_sdmmc.o
 .text.SDMMC_GetCmdResp7
                0x00000000080094ac       0x9c ./Drivers/STM32F4xx_HAL_Driver/Src/stm32f4xx_ll_sdmmc.o
 .text.USB_CoreInit
                0x0000000008009548       0xc2 ./Drivers/STM32F4xx_HAL_Driver/Src/stm32f4xx_ll_usb.o
                0x0000000008009548                USB_CoreInit
 *fill*         0x000000000800960a        0x2 
 .text.USB_SetTurnaroundTime
                0x000000000800960c      0x144 ./Drivers/STM32F4xx_HAL_Driver/Src/stm32f4xx_ll_usb.o
                0x000000000800960c                USB_SetTurnaroundTime
 .text.USB_EnableGlobalInt
                0x0000000008009750       0x22 ./Drivers/STM32F4xx_HAL_Driver/Src/stm32f4xx_ll_usb.o
                0x0000000008009750                USB_EnableGlobalInt
 .text.USB_DisableGlobalInt
                0x0000000008009772       0x22 ./Drivers/STM32F4xx_HAL_Driver/Src/stm32f4xx_ll_usb.o
                0x0000000008009772                USB_DisableGlobalInt
 .text.USB_SetCurrentMode
                0x0000000008009794       0x98 ./Drivers/STM32F4xx_HAL_Driver/Src/stm32f4xx_ll_usb.o
                0x0000000008009794                USB_SetCurrentMode
 .text.USB_DevInit
                0x000000000800982c      0x2bc ./Drivers/STM32F4xx_HAL_Driver/Src/stm32f4xx_ll_usb.o
                0x000000000800982c                USB_DevInit
 .text.USB_FlushTxFifo
                0x0000000008009ae8       0x48 ./Drivers/STM32F4xx_HAL_Driver/Src/stm32f4xx_ll_usb.o
                0x0000000008009ae8                USB_FlushTxFifo
 .text.USB_FlushRxFifo
                0x0000000008009b30       0x40 ./Drivers/STM32F4xx_HAL_Driver/Src/stm32f4xx_ll_usb.o
                0x0000000008009b30                USB_FlushRxFifo
 .text.USB_SetDevSpeed
                0x0000000008009b70       0x32 ./Drivers/STM32F4xx_HAL_Driver/Src/stm32f4xx_ll_usb.o
                0x0000000008009b70                USB_SetDevSpeed
 .text.USB_GetDevSpeed
                0x0000000008009ba2       0x4a ./Drivers/STM32F4xx_HAL_Driver/Src/stm32f4xx_ll_usb.o
                0x0000000008009ba2                USB_GetDevSpeed
 .text.USB_ActivateEndpoint
                0x0000000008009bec      0x10e ./Drivers/STM32F4xx_HAL_Driver/Src/stm32f4xx_ll_usb.o
                0x0000000008009bec                USB_ActivateEndpoint
 *fill*         0x0000000008009cfa        0x2 
 .text.USB_DeactivateEndpoint
                0x0000000008009cfc      0x1b8 ./Drivers/STM32F4xx_HAL_Driver/Src/stm32f4xx_ll_usb.o
                0x0000000008009cfc                USB_DeactivateEndpoint
 .text.USB_EPStartXfer
                0x0000000008009eb4      0x488 ./Drivers/STM32F4xx_HAL_Driver/Src/stm32f4xx_ll_usb.o
                0x0000000008009eb4                USB_EPStartXfer
 .text.USB_EP0StartXfer
                0x000000000800a33c      0x2a6 ./Drivers/STM32F4xx_HAL_Driver/Src/stm32f4xx_ll_usb.o
                0x000000000800a33c                USB_EP0StartXfer
 .text.USB_WritePacket
                0x000000000800a5e2       0x7c ./Drivers/STM32F4xx_HAL_Driver/Src/stm32f4xx_ll_usb.o
                0x000000000800a5e2                USB_WritePacket
 .text.USB_ReadPacket
                0x000000000800a65e       0xb0 ./Drivers/STM32F4xx_HAL_Driver/Src/stm32f4xx_ll_usb.o
                0x000000000800a65e                USB_ReadPacket
 .text.USB_EPSetStall
                0x000000000800a70e       0xdc ./Drivers/STM32F4xx_HAL_Driver/Src/stm32f4xx_ll_usb.o
                0x000000000800a70e                USB_EPSetStall
 .text.USB_EPClearStall
                0x000000000800a7ea       0xcc ./Drivers/STM32F4xx_HAL_Driver/Src/stm32f4xx_ll_usb.o
                0x000000000800a7ea                USB_EPClearStall
 .text.USB_SetDevAddress
                0x000000000800a8b6       0x4c ./Drivers/STM32F4xx_HAL_Driver/Src/stm32f4xx_ll_usb.o
                0x000000000800a8b6                USB_SetDevAddress
 .text.USB_DevConnect
                0x000000000800a902       0x42 ./Drivers/STM32F4xx_HAL_Driver/Src/stm32f4xx_ll_usb.o
                0x000000000800a902                USB_DevConnect
 .text.USB_DevDisconnect
                0x000000000800a944       0x42 ./Drivers/STM32F4xx_HAL_Driver/Src/stm32f4xx_ll_usb.o
                0x000000000800a944                USB_DevDisconnect
 .text.USB_ReadInterrupts
                0x000000000800a986       0x26 ./Drivers/STM32F4xx_HAL_Driver/Src/stm32f4xx_ll_usb.o
                0x000000000800a986                USB_ReadInterrupts
 .text.USB_ReadDevAllOutEpInterrupt
                0x000000000800a9ac       0x34 ./Drivers/STM32F4xx_HAL_Driver/Src/stm32f4xx_ll_usb.o
                0x000000000800a9ac                USB_ReadDevAllOutEpInterrupt
 .text.USB_ReadDevAllInEpInterrupt
                0x000000000800a9e0       0x34 ./Drivers/STM32F4xx_HAL_Driver/Src/stm32f4xx_ll_usb.o
                0x000000000800a9e0                USB_ReadDevAllInEpInterrupt
 .text.USB_ReadDevOutEPInterrupt
                0x000000000800aa14       0x3c ./Drivers/STM32F4xx_HAL_Driver/Src/stm32f4xx_ll_usb.o
                0x000000000800aa14                USB_ReadDevOutEPInterrupt
 .text.USB_ReadDevInEPInterrupt
                0x000000000800aa50       0x5c ./Drivers/STM32F4xx_HAL_Driver/Src/stm32f4xx_ll_usb.o
                0x000000000800aa50                USB_ReadDevInEPInterrupt
 .text.USB_GetMode
                0x000000000800aaac       0x1c ./Drivers/STM32F4xx_HAL_Driver/Src/stm32f4xx_ll_usb.o
                0x000000000800aaac                USB_GetMode
 .text.USB_ActivateSetup
                0x000000000800aac8       0x46 ./Drivers/STM32F4xx_HAL_Driver/Src/stm32f4xx_ll_usb.o
                0x000000000800aac8                USB_ActivateSetup
 *fill*         0x000000000800ab0e        0x2 
 .text.USB_EP0_OutStart
                0x000000000800ab10       0xbc ./Drivers/STM32F4xx_HAL_Driver/Src/stm32f4xx_ll_usb.o
                0x000000000800ab10                USB_EP0_OutStart
 .text.USB_CoreReset
                0x000000000800abcc       0x64 ./Drivers/STM32F4xx_HAL_Driver/Src/stm32f4xx_ll_usb.o
 .text.MX_FATFS_Init
                0x000000000800ac30       0x24 ./FATFS/App/fatfs.o
                0x000000000800ac30                MX_FATFS_Init
 .text.BSP_SD_Init
                0x000000000800ac54       0x4c ./FATFS/Target/bsp_driver_sd.o
                0x000000000800ac54                BSP_SD_Init
 .text.BSP_SD_ReadBlocks_DMA
                0x000000000800aca0       0x34 ./FATFS/Target/bsp_driver_sd.o
                0x000000000800aca0                BSP_SD_ReadBlocks_DMA
 .text.BSP_SD_WriteBlocks_DMA
                0x000000000800acd4       0x34 ./FATFS/Target/bsp_driver_sd.o
                0x000000000800acd4                BSP_SD_WriteBlocks_DMA
 .text.BSP_SD_GetCardState
                0x000000000800ad08       0x20 ./FATFS/Target/bsp_driver_sd.o
                0x000000000800ad08                BSP_SD_GetCardState
 .text.BSP_SD_GetCardInfo
                0x000000000800ad28       0x1c ./FATFS/Target/bsp_driver_sd.o
                0x000000000800ad28                BSP_SD_GetCardInfo
 .text.HAL_SD_AbortCallback
                0x000000000800ad44       0x14 ./FATFS/Target/bsp_driver_sd.o
                0x000000000800ad44                HAL_SD_AbortCallback
 .text.HAL_SD_TxCpltCallback
                0x000000000800ad58       0x14 ./FATFS/Target/bsp_driver_sd.o
                0x000000000800ad58                HAL_SD_TxCpltCallback
 .text.HAL_SD_RxCpltCallback
                0x000000000800ad6c       0x14 ./FATFS/Target/bsp_driver_sd.o
                0x000000000800ad6c                HAL_SD_RxCpltCallback
 .text.BSP_SD_AbortCallback
                0x000000000800ad80        0xe ./FATFS/Target/bsp_driver_sd.o
                0x000000000800ad80                BSP_SD_AbortCallback
 .text.BSP_SD_IsDetected
                0x000000000800ad8e       0x24 ./FATFS/Target/bsp_driver_sd.o
                0x000000000800ad8e                BSP_SD_IsDetected
 *fill*         0x000000000800adb2        0x2 
 .text.BSP_PlatformIsDetected
                0x000000000800adb4       0x2c ./FATFS/Target/fatfs_platform.o
                0x000000000800adb4                BSP_PlatformIsDetected
 .text.SD_CheckStatusWithTimeout
                0x000000000800ade0       0x3a ./FATFS/Target/sd_diskio.o
 *fill*         0x000000000800ae1a        0x2 
 .text.SD_CheckStatus
                0x000000000800ae1c       0x3c ./FATFS/Target/sd_diskio.o
 .text.SD_initialize
                0x000000000800ae58       0x38 ./FATFS/Target/sd_diskio.o
                0x000000000800ae58                SD_initialize
 .text.SD_status
                0x000000000800ae90       0x1c ./FATFS/Target/sd_diskio.o
                0x000000000800ae90                SD_status
 .text.SD_read  0x000000000800aeac       0xac ./FATFS/Target/sd_diskio.o
                0x000000000800aeac                SD_read
 .text.SD_write
                0x000000000800af58       0xac ./FATFS/Target/sd_diskio.o
                0x000000000800af58                SD_write
 .text.SD_ioctl
                0x000000000800b004       0xb0 ./FATFS/Target/sd_diskio.o
                0x000000000800b004                SD_ioctl
 .text.BSP_SD_WriteCpltCallback
                0x000000000800b0b4       0x18 ./FATFS/Target/sd_diskio.o
                0x000000000800b0b4                BSP_SD_WriteCpltCallback
 .text.BSP_SD_ReadCpltCallback
                0x000000000800b0cc       0x18 ./FATFS/Target/sd_diskio.o
                0x000000000800b0cc                BSP_SD_ReadCpltCallback
 .text.USBD_MSC_Init
                0x000000000800b0e4       0x9a ./Middlewares/ST/STM32_USB_Device_Library/Class/MSC/Src/usbd_msc.o
                0x000000000800b0e4                USBD_MSC_Init
 .text.USBD_MSC_DeInit
                0x000000000800b17e       0x58 ./Middlewares/ST/STM32_USB_Device_Library/Class/MSC/Src/usbd_msc.o
                0x000000000800b17e                USBD_MSC_DeInit
 *fill*         0x000000000800b1d6        0x2 
 .text.USBD_MSC_Setup
                0x000000000800b1d8      0x1e4 ./Middlewares/ST/STM32_USB_Device_Library/Class/MSC/Src/usbd_msc.o
                0x000000000800b1d8                USBD_MSC_Setup
 .text.USBD_MSC_DataIn
                0x000000000800b3bc       0x20 ./Middlewares/ST/STM32_USB_Device_Library/Class/MSC/Src/usbd_msc.o
                0x000000000800b3bc                USBD_MSC_DataIn
 .text.USBD_MSC_DataOut
                0x000000000800b3dc       0x20 ./Middlewares/ST/STM32_USB_Device_Library/Class/MSC/Src/usbd_msc.o
                0x000000000800b3dc                USBD_MSC_DataOut
 .text.USBD_MSC_GetHSCfgDesc
                0x000000000800b3fc       0x20 ./Middlewares/ST/STM32_USB_Device_Library/Class/MSC/Src/usbd_msc.o
                0x000000000800b3fc                USBD_MSC_GetHSCfgDesc
 .text.USBD_MSC_GetFSCfgDesc
                0x000000000800b41c       0x20 ./Middlewares/ST/STM32_USB_Device_Library/Class/MSC/Src/usbd_msc.o
                0x000000000800b41c                USBD_MSC_GetFSCfgDesc
 .text.USBD_MSC_GetOtherSpeedCfgDesc
                0x000000000800b43c       0x20 ./Middlewares/ST/STM32_USB_Device_Library/Class/MSC/Src/usbd_msc.o
                0x000000000800b43c                USBD_MSC_GetOtherSpeedCfgDesc
 .text.USBD_MSC_GetDeviceQualifierDescriptor
                0x000000000800b45c       0x20 ./Middlewares/ST/STM32_USB_Device_Library/Class/MSC/Src/usbd_msc.o
                0x000000000800b45c                USBD_MSC_GetDeviceQualifierDescriptor
 .text.USBD_MSC_RegisterStorage
                0x000000000800b47c       0x2a ./Middlewares/ST/STM32_USB_Device_Library/Class/MSC/Src/usbd_msc.o
                0x000000000800b47c                USBD_MSC_RegisterStorage
 .text.MSC_BOT_Init
                0x000000000800b4a6       0x70 ./Middlewares/ST/STM32_USB_Device_Library/Class/MSC/Src/usbd_msc_bot.o
                0x000000000800b4a6                MSC_BOT_Init
 .text.MSC_BOT_Reset
                0x000000000800b516       0x4c ./Middlewares/ST/STM32_USB_Device_Library/Class/MSC/Src/usbd_msc_bot.o
                0x000000000800b516                MSC_BOT_Reset
 .text.MSC_BOT_DeInit
                0x000000000800b562       0x28 ./Middlewares/ST/STM32_USB_Device_Library/Class/MSC/Src/usbd_msc_bot.o
                0x000000000800b562                MSC_BOT_DeInit
 .text.MSC_BOT_DataIn
                0x000000000800b58a       0x6c ./Middlewares/ST/STM32_USB_Device_Library/Class/MSC/Src/usbd_msc_bot.o
                0x000000000800b58a                MSC_BOT_DataIn
 .text.MSC_BOT_DataOut
                0x000000000800b5f6       0x60 ./Middlewares/ST/STM32_USB_Device_Library/Class/MSC/Src/usbd_msc_bot.o
                0x000000000800b5f6                MSC_BOT_DataOut
 *fill*         0x000000000800b656        0x2 
 .text.MSC_BOT_CBW_Decode
                0x000000000800b658      0x118 ./Middlewares/ST/STM32_USB_Device_Library/Class/MSC/Src/usbd_msc_bot.o
 .text.MSC_BOT_SendData
                0x000000000800b770       0x5e ./Middlewares/ST/STM32_USB_Device_Library/Class/MSC/Src/usbd_msc_bot.o
 *fill*         0x000000000800b7ce        0x2 
 .text.MSC_BOT_SendCSW
                0x000000000800b7d0       0x60 ./Middlewares/ST/STM32_USB_Device_Library/Class/MSC/Src/usbd_msc_bot.o
                0x000000000800b7d0                MSC_BOT_SendCSW
 .text.MSC_BOT_Abort
                0x000000000800b830       0x64 ./Middlewares/ST/STM32_USB_Device_Library/Class/MSC/Src/usbd_msc_bot.o
 .text.MSC_BOT_CplClrFeature
                0x000000000800b894       0x5a ./Middlewares/ST/STM32_USB_Device_Library/Class/MSC/Src/usbd_msc_bot.o
                0x000000000800b894                MSC_BOT_CplClrFeature
 *fill*         0x000000000800b8ee        0x2 
 .text.SCSI_ProcessCmd
                0x000000000800b8f0      0x2fc ./Middlewares/ST/STM32_USB_Device_Library/Class/MSC/Src/usbd_msc_scsi.o
                0x000000000800b8f0                SCSI_ProcessCmd
 .text.SCSI_TestUnitReady
                0x000000000800bbec       0xa0 ./Middlewares/ST/STM32_USB_Device_Library/Class/MSC/Src/usbd_msc_scsi.o
 .text.SCSI_Inquiry
                0x000000000800bc8c       0xe8 ./Middlewares/ST/STM32_USB_Device_Library/Class/MSC/Src/usbd_msc_scsi.o
 .text.SCSI_ReadCapacity10
                0x000000000800bd74       0xea ./Middlewares/ST/STM32_USB_Device_Library/Class/MSC/Src/usbd_msc_scsi.o
 .text.SCSI_ReadCapacity16
                0x000000000800be5e      0x154 ./Middlewares/ST/STM32_USB_Device_Library/Class/MSC/Src/usbd_msc_scsi.o
 .text.SCSI_ReadFormatCapacity
                0x000000000800bfb2       0xe4 ./Middlewares/ST/STM32_USB_Device_Library/Class/MSC/Src/usbd_msc_scsi.o
 *fill*         0x000000000800c096        0x2 
 .text.SCSI_ModeSense6
                0x000000000800c098       0x58 ./Middlewares/ST/STM32_USB_Device_Library/Class/MSC/Src/usbd_msc_scsi.o
 .text.SCSI_ModeSense10
                0x000000000800c0f0       0x58 ./Middlewares/ST/STM32_USB_Device_Library/Class/MSC/Src/usbd_msc_scsi.o
 .text.SCSI_RequestSense
                0x000000000800c148       0xfe ./Middlewares/ST/STM32_USB_Device_Library/Class/MSC/Src/usbd_msc_scsi.o
 .text.SCSI_SenseCode
                0x000000000800c246       0x8e ./Middlewares/ST/STM32_USB_Device_Library/Class/MSC/Src/usbd_msc_scsi.o
                0x000000000800c246                SCSI_SenseCode
 .text.SCSI_StartStopUnit
                0x000000000800c2d4       0xa2 ./Middlewares/ST/STM32_USB_Device_Library/Class/MSC/Src/usbd_msc_scsi.o
 .text.SCSI_AllowPreventRemovable
                0x000000000800c376       0x52 ./Middlewares/ST/STM32_USB_Device_Library/Class/MSC/Src/usbd_msc_scsi.o
 .text.SCSI_Read10
                0x000000000800c3c8      0x140 ./Middlewares/ST/STM32_USB_Device_Library/Class/MSC/Src/usbd_msc_scsi.o
 .text.SCSI_Read12
                0x000000000800c508      0x156 ./Middlewares/ST/STM32_USB_Device_Library/Class/MSC/Src/usbd_msc_scsi.o
 .text.SCSI_Write10
                0x000000000800c65e      0x18a ./Middlewares/ST/STM32_USB_Device_Library/Class/MSC/Src/usbd_msc_scsi.o
 .text.SCSI_Write12
                0x000000000800c7e8      0x1aa ./Middlewares/ST/STM32_USB_Device_Library/Class/MSC/Src/usbd_msc_scsi.o
 .text.SCSI_Verify10
                0x000000000800c992       0x72 ./Middlewares/ST/STM32_USB_Device_Library/Class/MSC/Src/usbd_msc_scsi.o
 .text.SCSI_CheckAddressRange
                0x000000000800ca04       0x50 ./Middlewares/ST/STM32_USB_Device_Library/Class/MSC/Src/usbd_msc_scsi.o
 .text.SCSI_ProcessRead
                0x000000000800ca54       0xf2 ./Middlewares/ST/STM32_USB_Device_Library/Class/MSC/Src/usbd_msc_scsi.o
 .text.SCSI_ProcessWrite
                0x000000000800cb46      0x112 ./Middlewares/ST/STM32_USB_Device_Library/Class/MSC/Src/usbd_msc_scsi.o
 .text.SCSI_UpdateBotData
                0x000000000800cc58       0x52 ./Middlewares/ST/STM32_USB_Device_Library/Class/MSC/Src/usbd_msc_scsi.o
 .text.USBD_Init
                0x000000000800ccaa       0x60 ./Middlewares/ST/STM32_USB_Device_Library/Core/Src/usbd_core.o
                0x000000000800ccaa                USBD_Init
 .text.USBD_RegisterClass
                0x000000000800cd0a       0x4e ./Middlewares/ST/STM32_USB_Device_Library/Core/Src/usbd_core.o
                0x000000000800cd0a                USBD_RegisterClass
 .text.USBD_Start
                0x000000000800cd58       0x18 ./Middlewares/ST/STM32_USB_Device_Library/Core/Src/usbd_core.o
                0x000000000800cd58                USBD_Start
 .text.USBD_RunTestMode
                0x000000000800cd70       0x16 ./Middlewares/ST/STM32_USB_Device_Library/Core/Src/usbd_core.o
                0x000000000800cd70                USBD_RunTestMode
 .text.USBD_SetClassConfig
                0x000000000800cd86       0x38 ./Middlewares/ST/STM32_USB_Device_Library/Core/Src/usbd_core.o
                0x000000000800cd86                USBD_SetClassConfig
 .text.USBD_ClrClassConfig
                0x000000000800cdbe       0x30 ./Middlewares/ST/STM32_USB_Device_Library/Core/Src/usbd_core.o
                0x000000000800cdbe                USBD_ClrClassConfig
 .text.USBD_LL_SetupStage
                0x000000000800cdee       0xaa ./Middlewares/ST/STM32_USB_Device_Library/Core/Src/usbd_core.o
                0x000000000800cdee                USBD_LL_SetupStage
 .text.USBD_LL_DataOutStage
                0x000000000800ce98       0xc6 ./Middlewares/ST/STM32_USB_Device_Library/Core/Src/usbd_core.o
                0x000000000800ce98                USBD_LL_DataOutStage
 .text.USBD_LL_DataInStage
                0x000000000800cf5e      0x12c ./Middlewares/ST/STM32_USB_Device_Library/Core/Src/usbd_core.o
                0x000000000800cf5e                USBD_LL_DataInStage
 .text.USBD_LL_Reset
                0x000000000800d08a       0x9c ./Middlewares/ST/STM32_USB_Device_Library/Core/Src/usbd_core.o
                0x000000000800d08a                USBD_LL_Reset
 .text.USBD_LL_SetSpeed
                0x000000000800d126       0x20 ./Middlewares/ST/STM32_USB_Device_Library/Core/Src/usbd_core.o
                0x000000000800d126                USBD_LL_SetSpeed
 .text.USBD_LL_Suspend
                0x000000000800d146       0x2c ./Middlewares/ST/STM32_USB_Device_Library/Core/Src/usbd_core.o
                0x000000000800d146                USBD_LL_Suspend
 .text.USBD_LL_Resume
                0x000000000800d172       0x30 ./Middlewares/ST/STM32_USB_Device_Library/Core/Src/usbd_core.o
                0x000000000800d172                USBD_LL_Resume
 .text.USBD_LL_SOF
                0x000000000800d1a2       0x44 ./Middlewares/ST/STM32_USB_Device_Library/Core/Src/usbd_core.o
                0x000000000800d1a2                USBD_LL_SOF
 .text.USBD_LL_IsoINIncomplete
                0x000000000800d1e6       0x4c ./Middlewares/ST/STM32_USB_Device_Library/Core/Src/usbd_core.o
                0x000000000800d1e6                USBD_LL_IsoINIncomplete
 .text.USBD_LL_IsoOUTIncomplete
                0x000000000800d232       0x4c ./Middlewares/ST/STM32_USB_Device_Library/Core/Src/usbd_core.o
                0x000000000800d232                USBD_LL_IsoOUTIncomplete
 .text.USBD_LL_DevConnected
                0x000000000800d27e       0x16 ./Middlewares/ST/STM32_USB_Device_Library/Core/Src/usbd_core.o
                0x000000000800d27e                USBD_LL_DevConnected
 .text.USBD_LL_DevDisconnected
                0x000000000800d294       0x38 ./Middlewares/ST/STM32_USB_Device_Library/Core/Src/usbd_core.o
                0x000000000800d294                USBD_LL_DevDisconnected
 .text.SWAPBYTE
                0x000000000800d2cc       0x3c ./Middlewares/ST/STM32_USB_Device_Library/Core/Src/usbd_ctlreq.o
 .text.USBD_StdDevReq
                0x000000000800d308       0xdc ./Middlewares/ST/STM32_USB_Device_Library/Core/Src/usbd_ctlreq.o
                0x000000000800d308                USBD_StdDevReq
 .text.USBD_StdItfReq
                0x000000000800d3e4       0x92 ./Middlewares/ST/STM32_USB_Device_Library/Core/Src/usbd_ctlreq.o
                0x000000000800d3e4                USBD_StdItfReq
 .text.USBD_StdEPReq
                0x000000000800d476      0x2c4 ./Middlewares/ST/STM32_USB_Device_Library/Core/Src/usbd_ctlreq.o
                0x000000000800d476                USBD_StdEPReq
 *fill*         0x000000000800d73a        0x2 
 .text.USBD_GetDescriptor
                0x000000000800d73c      0x328 ./Middlewares/ST/STM32_USB_Device_Library/Core/Src/usbd_ctlreq.o
 .text.USBD_SetAddress
                0x000000000800da64       0x88 ./Middlewares/ST/STM32_USB_Device_Library/Core/Src/usbd_ctlreq.o
 .text.USBD_SetConfig
                0x000000000800daec      0x14c ./Middlewares/ST/STM32_USB_Device_Library/Core/Src/usbd_ctlreq.o
 .text.USBD_GetConfig
                0x000000000800dc38       0x6c ./Middlewares/ST/STM32_USB_Device_Library/Core/Src/usbd_ctlreq.o
 .text.USBD_GetStatus
                0x000000000800dca4       0x68 ./Middlewares/ST/STM32_USB_Device_Library/Core/Src/usbd_ctlreq.o
 .text.USBD_SetFeature
                0x000000000800dd0c       0x28 ./Middlewares/ST/STM32_USB_Device_Library/Core/Src/usbd_ctlreq.o
 .text.USBD_ClrFeature
                0x000000000800dd34       0x44 ./Middlewares/ST/STM32_USB_Device_Library/Core/Src/usbd_ctlreq.o
 .text.USBD_ParseSetupRequest
                0x000000000800dd78       0x74 ./Middlewares/ST/STM32_USB_Device_Library/Core/Src/usbd_ctlreq.o
                0x000000000800dd78                USBD_ParseSetupRequest
 .text.USBD_CtlError
                0x000000000800ddec       0x22 ./Middlewares/ST/STM32_USB_Device_Library/Core/Src/usbd_ctlreq.o
                0x000000000800ddec                USBD_CtlError
 .text.USBD_GetString
                0x000000000800de0e       0x8c ./Middlewares/ST/STM32_USB_Device_Library/Core/Src/usbd_ctlreq.o
                0x000000000800de0e                USBD_GetString
 .text.USBD_GetLen
                0x000000000800de9a       0x34 ./Middlewares/ST/STM32_USB_Device_Library/Core/Src/usbd_ctlreq.o
 .text.USBD_CtlSendData
                0x000000000800dece       0x36 ./Middlewares/ST/STM32_USB_Device_Library/Core/Src/usbd_ioreq.o
                0x000000000800dece                USBD_CtlSendData
 .text.USBD_CtlContinueSendData
                0x000000000800df04       0x22 ./Middlewares/ST/STM32_USB_Device_Library/Core/Src/usbd_ioreq.o
                0x000000000800df04                USBD_CtlContinueSendData
 .text.USBD_CtlContinueRx
                0x000000000800df26       0x22 ./Middlewares/ST/STM32_USB_Device_Library/Core/Src/usbd_ioreq.o
                0x000000000800df26                USBD_CtlContinueRx
 .text.USBD_CtlSendStatus
                0x000000000800df48       0x26 ./Middlewares/ST/STM32_USB_Device_Library/Core/Src/usbd_ioreq.o
                0x000000000800df48                USBD_CtlSendStatus
 .text.USBD_CtlReceiveStatus
                0x000000000800df6e       0x26 ./Middlewares/ST/STM32_USB_Device_Library/Core/Src/usbd_ioreq.o
                0x000000000800df6e                USBD_CtlReceiveStatus
 .text.FATFS_LinkDriverEx
                0x000000000800df94       0x98 ./Middlewares/Third_Party/FatFs/src/ff_gen_drv.o
                0x000000000800df94                FATFS_LinkDriverEx
 .text.FATFS_LinkDriver
                0x000000000800e02c       0x1e ./Middlewares/Third_Party/FatFs/src/ff_gen_drv.o
                0x000000000800e02c                FATFS_LinkDriver
 *fill*         0x000000000800e04a        0x2 
 .text.MX_USB_DEVICE_Init
                0x000000000800e04c       0x60 ./USB_DEVICE/App/usb_device.o
                0x000000000800e04c                MX_USB_DEVICE_Init
 .text.USBD_FS_DeviceDescriptor
                0x000000000800e0ac       0x24 ./USB_DEVICE/App/usbd_desc.o
                0x000000000800e0ac                USBD_FS_DeviceDescriptor
 .text.USBD_FS_LangIDStrDescriptor
                0x000000000800e0d0       0x24 ./USB_DEVICE/App/usbd_desc.o
                0x000000000800e0d0                USBD_FS_LangIDStrDescriptor
 .text.USBD_FS_ProductStrDescriptor
                0x000000000800e0f4       0x3c ./USB_DEVICE/App/usbd_desc.o
                0x000000000800e0f4                USBD_FS_ProductStrDescriptor
 .text.USBD_FS_ManufacturerStrDescriptor
                0x000000000800e130       0x28 ./USB_DEVICE/App/usbd_desc.o
                0x000000000800e130                USBD_FS_ManufacturerStrDescriptor
 .text.USBD_FS_SerialStrDescriptor
                0x000000000800e158       0x24 ./USB_DEVICE/App/usbd_desc.o
                0x000000000800e158                USBD_FS_SerialStrDescriptor
 .text.USBD_FS_ConfigStrDescriptor
                0x000000000800e17c       0x3c ./USB_DEVICE/App/usbd_desc.o
                0x000000000800e17c                USBD_FS_ConfigStrDescriptor
 .text.USBD_FS_InterfaceStrDescriptor
                0x000000000800e1b8       0x3c ./USB_DEVICE/App/usbd_desc.o
                0x000000000800e1b8                USBD_FS_InterfaceStrDescriptor
 .text.USBD_FS_USR_BOSDescriptor
                0x000000000800e1f4       0x24 ./USB_DEVICE/App/usbd_desc.o
                0x000000000800e1f4                USBD_FS_USR_BOSDescriptor
 .text.Get_SerialNum
                0x000000000800e218       0x58 ./USB_DEVICE/App/usbd_desc.o
 .text.IntToUnicode
                0x000000000800e270       0x7e ./USB_DEVICE/App/usbd_desc.o
 .text.STORAGE_Init_FS
                0x000000000800e2ee       0x18 ./USB_DEVICE/App/usbd_storage_if.o
 .text.STORAGE_GetCapacity_FS
                0x000000000800e306       0x2c ./USB_DEVICE/App/usbd_storage_if.o
 .text.STORAGE_IsReady_FS
                0x000000000800e332       0x18 ./USB_DEVICE/App/usbd_storage_if.o
 .text.STORAGE_IsWriteProtected_FS
                0x000000000800e34a       0x18 ./USB_DEVICE/App/usbd_storage_if.o
 .text.STORAGE_Read_FS
                0x000000000800e362       0x22 ./USB_DEVICE/App/usbd_storage_if.o
 .text.STORAGE_Write_FS
                0x000000000800e384       0x22 ./USB_DEVICE/App/usbd_storage_if.o
 .text.STORAGE_GetMaxLun_FS
                0x000000000800e3a6       0x10 ./USB_DEVICE/App/usbd_storage_if.o
 *fill*         0x000000000800e3b6        0x2 
 .text.HAL_PCD_MspInit
                0x000000000800e3b8       0xc4 ./USB_DEVICE/Target/usbd_conf.o
                0x000000000800e3b8                HAL_PCD_MspInit
 .text.HAL_PCD_SetupStageCallback
                0x000000000800e47c       0x24 ./USB_DEVICE/Target/usbd_conf.o
                0x000000000800e47c                HAL_PCD_SetupStageCallback
 .text.HAL_PCD_DataOutStageCallback
                0x000000000800e4a0       0x36 ./USB_DEVICE/Target/usbd_conf.o
                0x000000000800e4a0                HAL_PCD_DataOutStageCallback
 .text.HAL_PCD_DataInStageCallback
                0x000000000800e4d6       0x34 ./USB_DEVICE/Target/usbd_conf.o
                0x000000000800e4d6                HAL_PCD_DataInStageCallback
 .text.HAL_PCD_SOFCallback
                0x000000000800e50a       0x1c ./USB_DEVICE/Target/usbd_conf.o
                0x000000000800e50a                HAL_PCD_SOFCallback
 .text.HAL_PCD_ResetCallback
                0x000000000800e526       0x50 ./USB_DEVICE/Target/usbd_conf.o
                0x000000000800e526                HAL_PCD_ResetCallback
 *fill*         0x000000000800e576        0x2 
 .text.HAL_PCD_SuspendCallback
                0x000000000800e578       0x4c ./USB_DEVICE/Target/usbd_conf.o
                0x000000000800e578                HAL_PCD_SuspendCallback
 .text.HAL_PCD_ResumeCallback
                0x000000000800e5c4       0x1c ./USB_DEVICE/Target/usbd_conf.o
                0x000000000800e5c4                HAL_PCD_ResumeCallback
 .text.HAL_PCD_ISOOUTIncompleteCallback
                0x000000000800e5e0       0x24 ./USB_DEVICE/Target/usbd_conf.o
                0x000000000800e5e0                HAL_PCD_ISOOUTIncompleteCallback
 .text.HAL_PCD_ISOINIncompleteCallback
                0x000000000800e604       0x24 ./USB_DEVICE/Target/usbd_conf.o
                0x000000000800e604                HAL_PCD_ISOINIncompleteCallback
 .text.HAL_PCD_ConnectCallback
                0x000000000800e628       0x1c ./USB_DEVICE/Target/usbd_conf.o
                0x000000000800e628                HAL_PCD_ConnectCallback
 .text.HAL_PCD_DisconnectCallback
                0x000000000800e644       0x1c ./USB_DEVICE/Target/usbd_conf.o
                0x000000000800e644                HAL_PCD_DisconnectCallback
 .text.USBD_LL_Init
                0x000000000800e660       0x98 ./USB_DEVICE/Target/usbd_conf.o
                0x000000000800e660                USBD_LL_Init
 .text.USBD_LL_Start
                0x000000000800e6f8       0x36 ./USB_DEVICE/Target/usbd_conf.o
                0x000000000800e6f8                USBD_LL_Start
 .text.USBD_LL_OpenEP
                0x000000000800e72e       0x4c ./USB_DEVICE/Target/usbd_conf.o
                0x000000000800e72e                USBD_LL_OpenEP
 .text.USBD_LL_CloseEP
                0x000000000800e77a       0x3e ./USB_DEVICE/Target/usbd_conf.o
                0x000000000800e77a                USBD_LL_CloseEP
 .text.USBD_LL_FlushEP
                0x000000000800e7b8       0x3e ./USB_DEVICE/Target/usbd_conf.o
                0x000000000800e7b8                USBD_LL_FlushEP
 .text.USBD_LL_StallEP
                0x000000000800e7f6       0x3e ./USB_DEVICE/Target/usbd_conf.o
                0x000000000800e7f6                USBD_LL_StallEP
 .text.USBD_LL_ClearStallEP
                0x000000000800e834       0x3e ./USB_DEVICE/Target/usbd_conf.o
                0x000000000800e834                USBD_LL_ClearStallEP
 .text.USBD_LL_IsStallEP
                0x000000000800e872       0x58 ./USB_DEVICE/Target/usbd_conf.o
                0x000000000800e872                USBD_LL_IsStallEP
 .text.USBD_LL_SetUSBAddress
                0x000000000800e8ca       0x3e ./USB_DEVICE/Target/usbd_conf.o
                0x000000000800e8ca                USBD_LL_SetUSBAddress
 .text.USBD_LL_Transmit
                0x000000000800e908       0x42 ./USB_DEVICE/Target/usbd_conf.o
                0x000000000800e908                USBD_LL_Transmit
 .text.USBD_LL_PrepareReceive
                0x000000000800e94a       0x42 ./USB_DEVICE/Target/usbd_conf.o
                0x000000000800e94a                USBD_LL_PrepareReceive
 .text.USBD_LL_GetRxDataSize
                0x000000000800e98c       0x26 ./USB_DEVICE/Target/usbd_conf.o
                0x000000000800e98c                USBD_LL_GetRxDataSize
 *fill*         0x000000000800e9b2        0x2 
 .text.HAL_PCDEx_LPM_Callback
                0x000000000800e9b4       0x9c ./USB_DEVICE/Target/usbd_conf.o
                0x000000000800e9b4                HAL_PCDEx_LPM_Callback
 .text.USBD_static_malloc
                0x000000000800ea50       0x1c ./USB_DEVICE/Target/usbd_conf.o
                0x000000000800ea50                USBD_static_malloc
 .text.USBD_static_free
                0x000000000800ea6c       0x14 ./USB_DEVICE/Target/usbd_conf.o
                0x000000000800ea6c                USBD_static_free
 .text.USBD_Get_USB_Status
                0x000000000800ea80       0x58 ./USB_DEVICE/Target/usbd_conf.o
                0x000000000800ea80                USBD_Get_USB_Status
 .text.__libc_init_array
                0x000000000800ead8       0x48 c:/program files/st/stm32cubeide/stm32cubeide/plugins/com.st.stm32cube.ide.mcu.externaltools.gnu-tools-for-stm32.9-2020-q2-update.win32_2.0.0.202105311346/tools/bin/../lib/gcc/arm-none-eabi/9.3.1/../../../../arm-none-eabi/lib/thumb/v7e-m+fp/hard\libc_nano.a(lib_a-init.o)
                0x000000000800ead8                __libc_init_array
 .text.memset   0x000000000800eb20       0x10 c:/program files/st/stm32cubeide/stm32cubeide/plugins/com.st.stm32cube.ide.mcu.externaltools.gnu-tools-for-stm32.9-2020-q2-update.win32_2.0.0.202105311346/tools/bin/../lib/gcc/arm-none-eabi/9.3.1/../../../../arm-none-eabi/lib/thumb/v7e-m+fp/hard\libc_nano.a(lib_a-memset.o)
                0x000000000800eb20                memset
 *(.glue_7)
 .glue_7        0x000000000800eb30        0x0 linker stubs
 *(.glue_7t)
 .glue_7t       0x000000000800eb30        0x0 linker stubs
 *(.eh_frame)
 .eh_frame      0x000000000800eb30        0x0 c:/program files/st/stm32cubeide/stm32cubeide/plugins/com.st.stm32cube.ide.mcu.externaltools.gnu-tools-for-stm32.9-2020-q2-update.win32_2.0.0.202105311346/tools/bin/../lib/gcc/arm-none-eabi/9.3.1/thumb/v7e-m+fp/hard/crtbegin.o
 *(.init)
 .init          0x000000000800eb30        0x4 c:/program files/st/stm32cubeide/stm32cubeide/plugins/com.st.stm32cube.ide.mcu.externaltools.gnu-tools-for-stm32.9-2020-q2-update.win32_2.0.0.202105311346/tools/bin/../lib/gcc/arm-none-eabi/9.3.1/thumb/v7e-m+fp/hard/crti.o
                0x000000000800eb30                _init
 .init          0x000000000800eb34        0x8 c:/program files/st/stm32cubeide/stm32cubeide/plugins/com.st.stm32cube.ide.mcu.externaltools.gnu-tools-for-stm32.9-2020-q2-update.win32_2.0.0.202105311346/tools/bin/../lib/gcc/arm-none-eabi/9.3.1/thumb/v7e-m+fp/hard/crtn.o
 *(.fini)
 .fini          0x000000000800eb3c        0x4 c:/program files/st/stm32cubeide/stm32cubeide/plugins/com.st.stm32cube.ide.mcu.externaltools.gnu-tools-for-stm32.9-2020-q2-update.win32_2.0.0.202105311346/tools/bin/../lib/gcc/arm-none-eabi/9.3.1/thumb/v7e-m+fp/hard/crti.o
                0x000000000800eb3c                _fini
 .fini          0x000000000800eb40        0x8 c:/program files/st/stm32cubeide/stm32cubeide/plugins/com.st.stm32cube.ide.mcu.externaltools.gnu-tools-for-stm32.9-2020-q2-update.win32_2.0.0.202105311346/tools/bin/../lib/gcc/arm-none-eabi/9.3.1/thumb/v7e-m+fp/hard/crtn.o
                0x000000000800eb48                . = ALIGN (0x4)
                0x000000000800eb48                _etext = .

.vfp11_veneer   0x000000000800eb48        0x0
 .vfp11_veneer  0x000000000800eb48        0x0 linker stubs

.v4_bx          0x000000000800eb48        0x0
 .v4_bx         0x000000000800eb48        0x0 linker stubs

.iplt           0x000000000800eb48        0x0
 .iplt          0x000000000800eb48        0x0 c:/program files/st/stm32cubeide/stm32cubeide/plugins/com.st.stm32cube.ide.mcu.externaltools.gnu-tools-for-stm32.9-2020-q2-update.win32_2.0.0.202105311346/tools/bin/../lib/gcc/arm-none-eabi/9.3.1/thumb/v7e-m+fp/hard/crtbegin.o

.rodata         0x000000000800eb48       0x9c
                0x000000000800eb48                . = ALIGN (0x4)
 *(.rodata)
 .rodata        0x000000000800eb48       0x42 ./USB_DEVICE/App/usbd_desc.o
 *(.rodata*)
 *fill*         0x000000000800eb8a        0x2 
 .rodata.AHBPrescTable
                0x000000000800eb8c       0x10 ./Core/Src/system_stm32f4xx.o
                0x000000000800eb8c                AHBPrescTable
 .rodata.APBPrescTable
                0x000000000800eb9c        0x8 ./Core/Src/system_stm32f4xx.o
                0x000000000800eb9c                APBPrescTable
 .rodata.flagBitshiftOffset.10017
                0x000000000800eba4        0x8 ./Drivers/STM32F4xx_HAL_Driver/Src/stm32f4xx_hal_dma.o
 .rodata.SD_Driver
                0x000000000800ebac       0x14 ./FATFS/Target/sd_diskio.o
                0x000000000800ebac                SD_Driver
 .rodata.STORAGE_Inquirydata_FS
                0x000000000800ebc0       0x24 ./USB_DEVICE/App/usbd_storage_if.o
                0x000000000800ebc0                STORAGE_Inquirydata_FS
                0x000000000800ebe4                . = ALIGN (0x4)

.ARM.extab      0x000000000800ebe4        0x0
                0x000000000800ebe4                . = ALIGN (0x4)
 *(.ARM.extab* .gnu.linkonce.armextab.*)
                0x000000000800ebe4                . = ALIGN (0x4)

.ARM            0x000000000800ebe4        0x8
                0x000000000800ebe4                . = ALIGN (0x4)
                0x000000000800ebe4                __exidx_start = .
 *(.ARM.exidx*)
 .ARM.exidx     0x000000000800ebe4        0x8 c:/program files/st/stm32cubeide/stm32cubeide/plugins/com.st.stm32cube.ide.mcu.externaltools.gnu-tools-for-stm32.9-2020-q2-update.win32_2.0.0.202105311346/tools/bin/../lib/gcc/arm-none-eabi/9.3.1/thumb/v7e-m+fp/hard\libgcc.a(_udivmoddi4.o)
                0x000000000800ebec                __exidx_end = .
                0x000000000800ebec                . = ALIGN (0x4)

.rel.dyn        0x000000000800ebec        0x0
 .rel.iplt      0x000000000800ebec        0x0 c:/program files/st/stm32cubeide/stm32cubeide/plugins/com.st.stm32cube.ide.mcu.externaltools.gnu-tools-for-stm32.9-2020-q2-update.win32_2.0.0.202105311346/tools/bin/../lib/gcc/arm-none-eabi/9.3.1/thumb/v7e-m+fp/hard/crtbegin.o

.preinit_array  0x000000000800ebec        0x0
                0x000000000800ebec                . = ALIGN (0x4)
                0x000000000800ebec                PROVIDE (__preinit_array_start = .)
 *(.preinit_array*)
                0x000000000800ebec                PROVIDE (__preinit_array_end = .)
                0x000000000800ebec                . = ALIGN (0x4)

.init_array     0x000000000800ebec        0x4
                0x000000000800ebec                . = ALIGN (0x4)
                0x000000000800ebec                PROVIDE (__init_array_start = .)
 *(SORT_BY_NAME(.init_array.*))
 *(.init_array*)
 .init_array    0x000000000800ebec        0x4 c:/program files/st/stm32cubeide/stm32cubeide/plugins/com.st.stm32cube.ide.mcu.externaltools.gnu-tools-for-stm32.9-2020-q2-update.win32_2.0.0.202105311346/tools/bin/../lib/gcc/arm-none-eabi/9.3.1/thumb/v7e-m+fp/hard/crtbegin.o
                0x000000000800ebf0                PROVIDE (__init_array_end = .)
                0x000000000800ebf0                . = ALIGN (0x4)

.fini_array     0x000000000800ebf0        0x4
                0x000000000800ebf0                . = ALIGN (0x4)
                [!provide]                        PROVIDE (__fini_array_start = .)
 *(SORT_BY_NAME(.fini_array.*))
 *(.fini_array*)
 .fini_array    0x000000000800ebf0        0x4 c:/program files/st/stm32cubeide/stm32cubeide/plugins/com.st.stm32cube.ide.mcu.externaltools.gnu-tools-for-stm32.9-2020-q2-update.win32_2.0.0.202105311346/tools/bin/../lib/gcc/arm-none-eabi/9.3.1/thumb/v7e-m+fp/hard/crtbegin.o
                [!provide]                        PROVIDE (__fini_array_end = .)
                0x000000000800ebf4                . = ALIGN (0x4)
                0x000000000800ebf4                _sidata = LOADADDR (.data)

.data           0x0000000020000000      0x174 load address 0x000000000800ebf4
                0x0000000020000000                . = ALIGN (0x4)
                0x0000000020000000                _sdata = .
 *(.data)
 *(.data*)
 .data.SystemCoreClock
                0x0000000020000000        0x4 ./Core/Src/system_stm32f4xx.o
                0x0000000020000000                SystemCoreClock
 .data.uwTickPrio
                0x0000000020000004        0x4 ./Drivers/STM32F4xx_HAL_Driver/Src/stm32f4xx_hal.o
                0x0000000020000004                uwTickPrio
 .data.uwTickFreq
                0x0000000020000008        0x1 ./Drivers/STM32F4xx_HAL_Driver/Src/stm32f4xx_hal.o
                0x0000000020000008                uwTickFreq
 .data.Stat     0x0000000020000009        0x1 ./FATFS/Target/sd_diskio.o
 *fill*         0x000000002000000a        0x2 
 .data.USBD_MSC
                0x000000002000000c       0x38 ./Middlewares/ST/STM32_USB_Device_Library/Class/MSC/Src/usbd_msc.o
                0x000000002000000c                USBD_MSC
 .data.USBD_MSC_CfgHSDesc
                0x0000000020000044       0x20 ./Middlewares/ST/STM32_USB_Device_Library/Class/MSC/Src/usbd_msc.o
 .data.USBD_MSC_CfgFSDesc
                0x0000000020000064       0x20 ./Middlewares/ST/STM32_USB_Device_Library/Class/MSC/Src/usbd_msc.o
 .data.USBD_MSC_OtherSpeedCfgDesc
                0x0000000020000084       0x20 ./Middlewares/ST/STM32_USB_Device_Library/Class/MSC/Src/usbd_msc.o
 .data.USBD_MSC_DeviceQualifierDesc
                0x00000000200000a4        0xa ./Middlewares/ST/STM32_USB_Device_Library/Class/MSC/Src/usbd_msc.o
 *fill*         0x00000000200000ae        0x2 
 .data.MSC_Page00_Inquiry_Data
                0x00000000200000b0        0x6 ./Middlewares/ST/STM32_USB_Device_Library/Class/MSC/Src/usbd_msc_data.o
                0x00000000200000b0                MSC_Page00_Inquiry_Data
 *fill*         0x00000000200000b6        0x2 
 .data.MSC_Page80_Inquiry_Data
                0x00000000200000b8        0x8 ./Middlewares/ST/STM32_USB_Device_Library/Class/MSC/Src/usbd_msc_data.o
                0x00000000200000b8                MSC_Page80_Inquiry_Data
 .data.MSC_Mode_Sense6_data
                0x00000000200000c0       0x17 ./Middlewares/ST/STM32_USB_Device_Library/Class/MSC/Src/usbd_msc_data.o
                0x00000000200000c0                MSC_Mode_Sense6_data
 *fill*         0x00000000200000d7        0x1 
 .data.MSC_Mode_Sense10_data
                0x00000000200000d8       0x1b ./Middlewares/ST/STM32_USB_Device_Library/Class/MSC/Src/usbd_msc_data.o
                0x00000000200000d8                MSC_Mode_Sense10_data
 *fill*         0x00000000200000f3        0x1 
 .data.FS_Desc  0x00000000200000f4       0x20 ./USB_DEVICE/App/usbd_desc.o
                0x00000000200000f4                FS_Desc
 .data.USBD_FS_DeviceDesc
                0x0000000020000114       0x12 ./USB_DEVICE/App/usbd_desc.o
                0x0000000020000114                USBD_FS_DeviceDesc
 *fill*         0x0000000020000126        0x2 
 .data.USBD_FS_BOSDesc
                0x0000000020000128        0xc ./USB_DEVICE/App/usbd_desc.o
                0x0000000020000128                USBD_FS_BOSDesc
 .data.USBD_LangIDDesc
                0x0000000020000134        0x4 ./USB_DEVICE/App/usbd_desc.o
                0x0000000020000134                USBD_LangIDDesc
 .data.USBD_StringSerial
                0x0000000020000138       0x1a ./USB_DEVICE/App/usbd_desc.o
                0x0000000020000138                USBD_StringSerial
 *fill*         0x0000000020000152        0x2 
 .data.USBD_Storage_Interface_fops_FS
                0x0000000020000154       0x20 ./USB_DEVICE/App/usbd_storage_if.o
                0x0000000020000154                USBD_Storage_Interface_fops_FS
 *(.RamFunc)
 *(.RamFunc*)
                0x0000000020000174                . = ALIGN (0x4)
                0x0000000020000174                _edata = .

.igot.plt       0x0000000020000174        0x0 load address 0x000000000800ed68
 .igot.plt      0x0000000020000174        0x0 c:/program files/st/stm32cubeide/stm32cubeide/plugins/com.st.stm32cube.ide.mcu.externaltools.gnu-tools-for-stm32.9-2020-q2-update.win32_2.0.0.202105311346/tools/bin/../lib/gcc/arm-none-eabi/9.3.1/thumb/v7e-m+fp/hard/crtbegin.o
                0x0000000020000174                . = ALIGN (0x4)

.bss            0x0000000020000174     0x4094 load address 0x000000000800ed68
                0x0000000020000174                _sbss = .
                0x0000000020000174                __bss_start__ = _sbss
 *(.bss)
 .bss           0x0000000020000174       0x1c c:/program files/st/stm32cubeide/stm32cubeide/plugins/com.st.stm32cube.ide.mcu.externaltools.gnu-tools-for-stm32.9-2020-q2-update.win32_2.0.0.202105311346/tools/bin/../lib/gcc/arm-none-eabi/9.3.1/thumb/v7e-m+fp/hard/crtbegin.o
 *(.bss*)
 .bss.WriteStatus
                0x0000000020000190        0x4 ./FATFS/Target/sd_diskio.o
 .bss.ReadStatus
                0x0000000020000194        0x4 ./FATFS/Target/sd_diskio.o
 .bss.cfgidx.11958
                0x0000000020000198        0x1 ./Middlewares/ST/STM32_USB_Device_Library/Core/Src/usbd_ctlreq.o
 *fill*         0x0000000020000199        0x3 
 .bss.disk      0x000000002000019c        0xc ./Middlewares/Third_Party/FatFs/src/ff_gen_drv.o
                0x000000002000019c                disk
 .bss.mem.12086
                0x00000000200001a8      0x278 ./USB_DEVICE/Target/usbd_conf.o
 *(COMMON)
 COMMON         0x0000000020000420     0x14a0 ./Core/Src/main.o
                0x0000000020000420                hdma_sdio_rx
                0x0000000020000480                Per_CAN
                0x0000000020000488                pTxMailbox
                0x000000002000048c                CAN_Rx_Header
                0x00000000200004a8                ADC_Buffer
                0x00000000200004c0                hadc2
                0x0000000020000508                hi2c1
                0x000000002000055c                hiwdg
                0x0000000020000568                Datalogger_Buffer
                0x0000000020001568                Verify_Datalogger
                0x000000002000156c                Verify_CAN
                0x0000000020001570                hadc1
                0x00000000200015b8                Flag_USB
                0x00000000200015bc                CAN_Tx_Header
                0x00000000200015d4                Freq_CAN
                0x00000000200015d8                hdma_adc1
                0x0000000020001638                hrtc
                0x0000000020001658                hdma_sdio_tx
                0x00000000200016b8                htim6
                0x0000000020001700                Flag_Datalogger
                0x0000000020001704                hsd