main.c:93:5:main	8	static
main.c:185:6:SystemClock_Config	88	static
main.c:237:6:PeriphCommonClock_Config	104	static
main.c:262:13:MX_ADC1_Init	24	static
main.c:352:13:MX_ADC2_Init	24	static
main.c:442:13:MX_CAN1_Init	8	static
main.c:479:13:MX_I2C1_Init	8	static
main.c:513:13:MX_IWDG_Init	8	static
main.c:541:13:MX_RTC_Init	8	static
main.c:575:13:MX_SDIO_SD_Init	4	static
main.c:603:13:MX_TIM6_Init	16	static
main.c:639:13:MX_DMA_Init	16	static
main.c:666:13:MX_GPIO_Init	48	static
main.c:723:6:Error_Handler	4	static,ignoring_inline_asm
