main.c:93:5:main	16	static
main.c:214:6:SystemClock_Config	88	static
main.c:267:6:PeriphCommonClock_Config	104	static
main.c:292:13:MX_ADC1_Init	24	static
main.c:382:13:MX_ADC2_Init	24	static
main.c:472:13:MX_CAN1_Init	8	static
main.c:509:13:MX_I2C1_Init	8	static
main.c:543:13:MX_IWDG_Init	8	static
main.c:571:13:MX_RTC_Init	32	static
main.c:633:13:MX_SDIO_SD_Init	4	static
main.c:661:13:MX_TIM7_Init	16	static
main.c:697:13:MX_DMA_Init	16	static
main.c:724:13:MX_GPIO_Init	48	static
main.c:781:6:Error_Handler	4	static,ignoring_inline_asm
