../Core/Src/principal_datalogger.c:12:9:Principal_Datalogger_Init	24	static
../Core/Src/principal_datalogger.c:41:9:Principal_Datalogger_Start	72	static
../Core/Src/principal_datalogger.c:116:9:Principal_Datalogger_Finish	24	static
../Core/Src/principal_datalogger.c:143:6:Principal_Datalogger_Save_Buffer	40	static
../Core/Src/principal_datalogger.c:218:6:Principal_Datalogger_Button	16	static
../Core/Src/principal_datalogger.c:230:6:Principal_Card_Detection	32	static
../Core/Src/principal_datalogger.c:241:6:Principal_Beacon_Detect	8	static
