stm32f4xx_it.c:76:6:NMI_Handler	4	static
stm32f4xx_it.c:91:6:HardFault_Handler	4	static
stm32f4xx_it.c:106:6:MemManage_Handler	4	static
stm32f4xx_it.c:121:6:BusFault_Handler	4	static
stm32f4xx_it.c:136:6:UsageFault_Handler	4	static
stm32f4xx_it.c:151:6:SVC_Handler	4	static
stm32f4xx_it.c:164:6:DebugMon_Handler	4	static
stm32f4xx_it.c:177:6:PendSV_Handler	4	static
stm32f4xx_it.c:190:6:SysTick_Handler	8	static
stm32f4xx_it.c:211:6:CAN1_RX0_IRQHandler	8	static
stm32f4xx_it.c:225:6:EXTI15_10_IRQHandler	8	static
stm32f4xx_it.c:240:6:SDIO_IRQHandler	8	static
stm32f4xx_it.c:254:6:TIM6_DAC_IRQHandler	8	static
stm32f4xx_it.c:268:6:DMA2_Stream0_IRQHandler	8	static
stm32f4xx_it.c:282:6:DMA2_Stream2_IRQHandler	8	static
stm32f4xx_it.c:296:6:DMA2_Stream3_IRQHandler	8	static
stm32f4xx_it.c:310:6:OTG_FS_IRQHandler	8	static
stm32f4xx_it.c:324:6:DMA2_Stream6_IRQHandler	8	static
